Component: ARM Compiler 5.05 update 2 (build 169) Tool: armlink [4d0f33]

==============================================================================

Section Cross References

    main.o(i.main) refers to os_core.o(i.OSInit) for OSInit
    main.o(i.main) refers to cpu_a.o(.text) for CPU_SR_Save
    main.o(i.main) refers to bsp.o(i.BSP_Init) for BSP_Init
    main.o(i.main) refers to os_task.o(i.OSTaskCreate) for OSTaskCreate
    main.o(i.main) refers to os_core.o(i.OS_Sched0) for OS_Sched0
    main.o(i.main) refers to os_core.o(i.OSStart) for OSStart
    main.o(i.main) refers to os_var.o(.data) for OSSchedLockNestingCtr
    main.o(i.main) refers to main.o(.bss) for STAR_TASK_STK
    main.o(i.main) refers to app.o(i.star_task) for star_task
    stm32f4xx_it.o(i.CAN1_RX0_IRQHandler) refers to os_core.o(i.OSIntEnter) for OSIntEnter
    stm32f4xx_it.o(i.CAN1_RX0_IRQHandler) refers to stm32f4xx_can.o(i.CAN_GetITStatus) for CAN_GetITStatus
    stm32f4xx_it.o(i.CAN1_RX0_IRQHandler) refers to stm32f4xx_can.o(i.CAN_ClearITPendingBit) for CAN_ClearITPendingBit
    stm32f4xx_it.o(i.CAN1_RX0_IRQHandler) refers to can_recive.o(i.CAN_Recive_handle) for CAN_Recive_handle
    stm32f4xx_it.o(i.CAN1_RX0_IRQHandler) refers to os_core.o(i.OSIntExit) for OSIntExit
    stm32f4xx_it.o(i.CAN1_SCE_IRQHandler) refers to os_core.o(i.OSIntEnter) for OSIntEnter
    stm32f4xx_it.o(i.CAN1_SCE_IRQHandler) refers to stm32f4xx_can.o(i.CAN_GetITStatus) for CAN_GetITStatus
    stm32f4xx_it.o(i.CAN1_SCE_IRQHandler) refers to stm32f4xx_can.o(i.CAN_ClearITPendingBit) for CAN_ClearITPendingBit
    stm32f4xx_it.o(i.CAN1_SCE_IRQHandler) refers to os_core.o(i.OSIntExit) for OSIntExit
    stm32f4xx_it.o(i.EXTI0_IRQHandler) refers to os_core.o(i.OSIntEnter) for OSIntEnter
    stm32f4xx_it.o(i.EXTI0_IRQHandler) refers to stm32f4xx_exti.o(i.EXTI_GetFlagStatus) for EXTI_GetFlagStatus
    stm32f4xx_it.o(i.EXTI0_IRQHandler) refers to stm32f4xx_exti.o(i.EXTI_ClearITPendingBit) for EXTI_ClearITPendingBit
    stm32f4xx_it.o(i.EXTI0_IRQHandler) refers to os_core.o(i.OSIntExit) for OSIntExit
    stm32f4xx_it.o(i.EXTI15_10_IRQHandler) refers to os_core.o(i.OSIntEnter) for OSIntEnter
    stm32f4xx_it.o(i.EXTI15_10_IRQHandler) refers to stm32f4xx_exti.o(i.EXTI_GetFlagStatus) for EXTI_GetFlagStatus
    stm32f4xx_it.o(i.EXTI15_10_IRQHandler) refers to stm32f4xx_exti.o(i.EXTI_ClearITPendingBit) for EXTI_ClearITPendingBit
    stm32f4xx_it.o(i.EXTI15_10_IRQHandler) refers to os_core.o(i.OSIntExit) for OSIntExit
    stm32f4xx_it.o(i.EXTI2_IRQHandler) refers to os_core.o(i.OSIntEnter) for OSIntEnter
    stm32f4xx_it.o(i.EXTI2_IRQHandler) refers to stm32f4xx_exti.o(i.EXTI_GetFlagStatus) for EXTI_GetFlagStatus
    stm32f4xx_it.o(i.EXTI2_IRQHandler) refers to stm32f4xx_exti.o(i.EXTI_ClearITPendingBit) for EXTI_ClearITPendingBit
    stm32f4xx_it.o(i.EXTI2_IRQHandler) refers to motor_control.o(i.Motor_SetSpeed) for Motor_SetSpeed
    stm32f4xx_it.o(i.EXTI2_IRQHandler) refers to os_core.o(i.OSIntExit) for OSIntExit
    stm32f4xx_it.o(i.EXTI2_IRQHandler) refers to stm32f4xx_it.o(.data) for circle1
    stm32f4xx_it.o(i.EXTI2_IRQHandler) refers to under_pan.o(.bss) for UNDER6_MLCB
    stm32f4xx_it.o(i.EXTI3_IRQHandler) refers to os_core.o(i.OSIntEnter) for OSIntEnter
    stm32f4xx_it.o(i.EXTI3_IRQHandler) refers to stm32f4xx_exti.o(i.EXTI_GetFlagStatus) for EXTI_GetFlagStatus
    stm32f4xx_it.o(i.EXTI3_IRQHandler) refers to stm32f4xx_exti.o(i.EXTI_ClearITPendingBit) for EXTI_ClearITPendingBit
    stm32f4xx_it.o(i.EXTI3_IRQHandler) refers to os_core.o(i.OSIntExit) for OSIntExit
    stm32f4xx_it.o(i.EXTI4_IRQHandler) refers to os_core.o(i.OSIntEnter) for OSIntEnter
    stm32f4xx_it.o(i.EXTI4_IRQHandler) refers to stm32f4xx_exti.o(i.EXTI_GetFlagStatus) for EXTI_GetFlagStatus
    stm32f4xx_it.o(i.EXTI4_IRQHandler) refers to stm32f4xx_exti.o(i.EXTI_ClearITPendingBit) for EXTI_ClearITPendingBit
    stm32f4xx_it.o(i.EXTI4_IRQHandler) refers to os_core.o(i.OSIntExit) for OSIntExit
    stm32f4xx_it.o(i.EXTI9_5_IRQHandler) refers to os_core.o(i.OSIntEnter) for OSIntEnter
    stm32f4xx_it.o(i.EXTI9_5_IRQHandler) refers to stm32f4xx_exti.o(i.EXTI_GetFlagStatus) for EXTI_GetFlagStatus
    stm32f4xx_it.o(i.EXTI9_5_IRQHandler) refers to stm32f4xx_exti.o(i.EXTI_ClearITPendingBit) for EXTI_ClearITPendingBit
    stm32f4xx_it.o(i.EXTI9_5_IRQHandler) refers to os_core.o(i.OSIntExit) for OSIntExit
    stm32f4xx_it.o(i.EXTI9_5_IRQHandler) refers to app.o(.data) for Encoder_TIM2
    stm32f4xx_it.o(i.EXTI9_5_IRQHandler) refers to stm32f4xx_it.o(.data) for hole_circle
    stm32f4xx_it.o(i.TIM2_IRQHandler) refers to os_core.o(i.OSIntEnter) for OSIntEnter
    stm32f4xx_it.o(i.TIM2_IRQHandler) refers to stm32f4xx_tim.o(i.TIM_GetFlagStatus) for TIM_GetFlagStatus
    stm32f4xx_it.o(i.TIM2_IRQHandler) refers to stm32f4xx_tim.o(i.TIM_ClearFlag) for TIM_ClearFlag
    stm32f4xx_it.o(i.TIM2_IRQHandler) refers to os_core.o(i.OSIntExit) for OSIntExit
[...]
    OS_FlagTaskRdy                           0x080044b1   Thumb Code   100  os_flag.o(i.OS_FlagTaskRdy)
    OS_IdleTask                              0x08004515   Thumb Code    58  os_core.o(i.OS_IdleTask)
    OS_IdleTaskInit                          0x08004559   Thumb Code    66  os_core.o(i.OS_IdleTaskInit)
    OS_IntQPost                              0x080045c9   Thumb Code   216  os_int.o(i.OS_IntQPost)
    OS_IntQRePost                            0x080046c5   Thumb Code   342  os_int.o(i.OS_IntQRePost)
    OS_IntQTask                              0x08004851   Thumb Code   160  os_int.o(i.OS_IntQTask)
    OS_IntQTaskInit                          0x08004901   Thumb Code   206  os_int.o(i.OS_IntQTaskInit)
    OS_MemInit                               0x08004a29   Thumb Code    14  os_mem.o(i.OS_MemInit)
    OS_MsgPoolInit                           0x08004a41   Thumb Code   110  os_msg.o(i.OS_MsgPoolInit)
    OS_MsgQFreeAll                           0x08004abd   Thumb Code    62  os_msg.o(i.OS_MsgQFreeAll)
    OS_MsgQInit                              0x08004b01   Thumb Code    14  os_msg.o(i.OS_MsgQInit)
    OS_MsgQPut                               0x08004b11   Thumb Code   254  os_msg.o(i.OS_MsgQPut)
    OS_MutexDbgListAdd                       0x08004c15   Thumb Code    38  os_mutex.o(i.OS_MutexDbgListAdd)
    OS_MutexInit                             0x08004c45   Thumb Code    14  os_mutex.o(i.OS_MutexInit)
    OS_Pend                                  0x08004c5d   Thumb Code    98  os_core.o(i.OS_Pend)
    OS_PendDataInit                          0x08004cc5   Thumb Code    38  os_core.o(i.OS_PendDataInit)
    OS_PendDbgNameAdd                        0x08004ced   Thumb Code    66  os_core.o(i.OS_PendDbgNameAdd)
    OS_PendDbgNameRemove                     0x08004d49   Thumb Code    30  os_core.o(i.OS_PendDbgNameRemove)
    OS_PendListChangePrio                    0x08004d6d   Thumb Code    70  os_core.o(i.OS_PendListChangePrio)
    OS_PendListInit                          0x08004db3   Thumb Code    10  os_core.o(i.OS_PendListInit)
    OS_PendListInsertPrio                    0x08004dbd   Thumb Code   102  os_core.o(i.OS_PendListInsertPrio)
    OS_PendListRemove                        0x08004e23   Thumb Code    48  os_core.o(i.OS_PendListRemove)
    OS_PendListRemove1                       0x08004e53   Thumb Code    66  os_core.o(i.OS_PendListRemove1)
    OS_Post                                  0x08004e95   Thumb Code   214  os_core.o(i.OS_Post)
    OS_Post1                                 0x08004f6b   Thumb Code    42  os_core.o(i.OS_Post1)
    OS_PrioGetHighest                        0x08004f95   Thumb Code    36  os_prio.o(i.OS_PrioGetHighest)
    OS_PrioInit                              0x08004fbd   Thumb Code    20  os_prio.o(i.OS_PrioInit)
    OS_PrioInsert                            0x08004fd5   Thumb Code    32  os_prio.o(i.OS_PrioInsert)
    OS_PrioRemove                            0x08004ff9   Thumb Code    32  os_prio.o(i.OS_PrioRemove)
    OS_QInit                                 0x0800501d   Thumb Code    14  os_q.o(i.OS_QInit)
    OS_QPost                                 0x08005035   Thumb Code   324  os_q.o(i.OS_QPost)
    OS_RdyListInit                           0x08005181   Thumb Code    32  os_core.o(i.OS_RdyListInit)
    OS_RdyListInsert                         0x080051a5   Thumb Code    40  os_core.o(i.OS_RdyListInsert)
    OS_RdyListInsertHead                     0x080051d1   Thumb Code    58  os_core.o(i.OS_RdyListInsertHead)
    OS_RdyListInsertTail                     0x08005211   Thumb Code    56  os_core.o(i.OS_RdyListInsertTail)
    OS_RdyListRemove                         0x0800524d   Thumb Code    86  os_core.o(i.OS_RdyListRemove)
    OS_Sched0                                0x080052a9   Thumb Code    68  os_core.o(i.OS_Sched0)
    OS_SchedLockTimeMeasStart                0x080052fd   Thumb Code    20  os_core.o(i.OS_SchedLockTimeMeasStart)
    OS_SchedLockTimeMeasStop                 0x08005319   Thumb Code    44  os_core.o(i.OS_SchedLockTimeMeasStop)
    OS_SemDbgListAdd                         0x08005355   Thumb Code    38  os_sem.o(i.OS_SemDbgListAdd)
    OS_SemInit                               0x08005385   Thumb Code    14  os_sem.o(i.OS_SemInit)
    OS_SemPost                               0x0800539d   Thumb Code   350  os_sem.o(i.OS_SemPost)
    OS_StatTask                              0x08005501   Thumb Code   788  os_stat.o(i.OS_StatTask)
    OS_StatTaskInit                          0x08005859   Thumb Code   136  os_stat.o(i.OS_StatTaskInit)
    OS_TaskBlock                             0x08005925   Thumb Code    40  os_core.o(i.OS_TaskBlock)
    OS_TaskDbgListAdd                        0x08005951   Thumb Code    42  os_task.o(i.OS_TaskDbgListAdd)
    OS_TaskDbgListRemove                     0x08005981   Thumb Code    64  os_task.o(i.OS_TaskDbgListRemove)
    OS_TaskInit                              0x080059c5   Thumb Code    18  os_task.o(i.OS_TaskInit)
    OS_TaskInitTCB                           0x080059e5   Thumb Code   166  os_task.o(i.OS_TaskInitTCB)
    OS_TaskQPost                             0x08005a99   Thumb Code   510  os_task.o(i.OS_TaskQPost)
    OS_TaskResume                            0x08005ca5   Thumb Code   314  os_task.o(i.OS_TaskResume)
    OS_TaskReturn                            0x08005de5   Thumb Code    20  os_task.o(i.OS_TaskReturn)
    OS_TaskSemPost                           0x08005dfd   Thumb Code  1210  os_task.o(i.OS_TaskSemPost)
    OS_TaskSuspend                           0x080062c1   Thumb Code   328  os_task.o(i.OS_TaskSuspend)
    OS_TickListInsert                        0x08006411   Thumb Code   134  os_tick.o(i.OS_TickListInsert)
    OS_TickListInsertDly                     0x08006499   Thumb Code   180  os_tick.o(i.OS_TickListInsertDly)
    OS_TickListRemove                        0x08006555   Thumb Code    88  os_tick.o(i.OS_TickListRemove)
    OS_TickListResetPeak                     0x080065ad   Thumb Code     2  os_tick.o(i.OS_TickListResetPeak)
    OS_TickTask                              0x080067fd   Thumb Code   204  os_tick.o(i.OS_TickTask)
    OS_TickTaskInit                          0x080068dd   Thumb Code   140  os_tick.o(i.OS_TickTaskInit)
    OS_TmrInit                               0x080069a5   Thumb Code   200  os_tmr.o(i.OS_TmrInit)
    OS_TmrResetPeak                          0x08006af1   Thumb Code     2  os_tmr.o(i.OS_TmrResetPeak)
    OS_TmrTask                               0x08006af5   Thumb Code   134  os_tmr.o(i.OS_TmrTask)
    OS_TmrUnlink                             0x08006b89   Thumb Code    58  os_tmr.o(i.OS_TmrUnlink)
    OffsetControl_task                       0x08006be1   Thumb Code   254  app.o(i.OffsetControl_task)
    RCC_AHB1PeriphClockCmd                   0x08006d09   Thumb Code    26  stm32f4xx_rcc.o(i.RCC_AHB1PeriphClockCmd)
    RCC_APB1PeriphClockCmd                   0x08006d29   Thumb Code    26  stm32f4xx_rcc.o(i.RCC_APB1PeriphClockCmd)
    RCC_APB1PeriphResetCmd                   0x08006d49   Thumb Code    26  stm32f4xx_rcc.o(i.RCC_APB1PeriphResetCmd)
    RCC_APB2PeriphClockCmd                   0x08006d69   Thumb Code    26  stm32f4xx_rcc.o(i.RCC_APB2PeriphClockCmd)
    RCC_APB2PeriphResetCmd                   0x08006d89   Thumb Code    26  stm32f4xx_rcc.o(i.RCC_APB2PeriphResetCmd)
    RCC_GetClocksFreq                        0x08006da9   Thumb Code   214  stm32f4xx_rcc.o(i.RCC_GetClocksFreq)
    RELAVY_Init                              0x08006e91   Thumb Code   196  a_test.o(i.RELAVY_Init)
    ROC_LCD_Init                             0x08006f65   Thumb Code    98  rbc_lcd.o(i.ROC_LCD_Init)
    SERVO_Init                               0x08006fcd   Thumb Code   140  a_test.o(i.SERVO_Init)
    SVC_Handler                              0x08007065   Thumb Code     2  stm32f4xx_it.o(i.SVC_Handler)
    SYSCFG_EXTILineConfig                    0x08007069   Thumb Code    60  stm32f4xx_syscfg.o(i.SYSCFG_EXTILineConfig)
    Send_Command                             0x080070a9   Thumb Code    92  rbc_lcd.o(i.Send_Command)
    Send_data                                0x08007109   Thumb Code    92  rbc_lcd.o(i.Send_data)
    Servo_Set_Function                       0x08007169   Thumb Code   140  motor_control.o(i.Servo_Set_Function)
    SysTick_CLKSourceConfig                  0x080072e9   Thumb Code    40  misc.o(i.SysTick_CLKSourceConfig)
    SysTick_Handler                          0x08007311   Thumb Code    24  delay.o(i.SysTick_Handler)
    SystemInit                               0x0800732d   Thumb Code    88  system_stm32f4xx.o(i.SystemInit)
    TIM2_IRQHandler                          0x08007395   Thumb Code    84  stm32f4xx_it.o(i.TIM2_IRQHandler)
    TIM3_IRQHandler                          0x080073f1   Thumb Code    68  stm32f4xx_it.o(i.TIM3_IRQHandler)
    TIM3_Init                                0x08007445   Thumb Code    34  a_test.o(i.TIM3_Init)
    TIM4_IRQHandler                          0x08007471   Thumb Code    72  stm32f4xx_it.o(i.TIM4_IRQHandler)
    TIM5_IRQHandler                          0x080074c1   Thumb Code   100  stm32f4xx_it.o(i.TIM5_IRQHandler)
    TIM5_Init                                0x08007539   Thumb Code    28  a_test.o(i.TIM5_Init)
    TIM7_IRQHandler                          0x08007559   Thumb Code   244  stm32f4xx_it.o(i.TIM7_IRQHandler)
    TIM7_Init                                0x08007691   Thumb Code    34  a_test.o(i.TIM7_Init)
    TIM8_UP_TIM13_IRQHandler                 0x080076b9   Thumb Code    72  stm32f4xx_it.o(i.TIM8_UP_TIM13_IRQHandler)
    TIM_ARRPreloadConfig                     0x08007709   Thumb Code    24  stm32f4xx_tim.o(i.TIM_ARRPreloadConfig)
    TIM_ClearFlag                            0x08007721   Thumb Code     6  stm32f4xx_tim.o(i.TIM_ClearFlag)
    TIM_Cmd                                  0x08007727   Thumb Code    24  stm32f4xx_tim.o(i.TIM_Cmd)
    TIM_CtrlPWMOutputs                       0x0800773f   Thumb Code    30  stm32f4xx_tim.o(i.TIM_CtrlPWMOutputs)
    TIM_ENCODER_Config                       0x0800775d   Thumb Code   270  time.o(i.TIM_ENCODER_Config)
    TIM_EncoderInterfaceConfig               0x08007875   Thumb Code    66  stm32f4xx_tim.o(i.TIM_EncoderInterfaceConfig)
    TIM_GetFlagStatus                        0x080078b7   Thumb Code    18  stm32f4xx_tim.o(i.TIM_GetFlagStatus)
    TIM_ITConfig                             0x080078c9   Thumb Code    18  stm32f4xx_tim.o(i.TIM_ITConfig)
    TIM_OC1Init                              0x080078dd   Thumb Code   114  stm32f4xx_tim.o(i.TIM_OC1Init)
    TIM_OC1PreloadConfig                     0x08007959   Thumb Code    18  stm32f4xx_tim.o(i.TIM_OC1PreloadConfig)
    TIM_OC2Init                              0x0800796d   Thumb Code   154  stm32f4xx_tim.o(i.TIM_OC2Init)
    TIM_OC2PreloadConfig                     0x08007a11   Thumb Code    26  stm32f4xx_tim.o(i.TIM_OC2PreloadConfig)
    TIM_OC3Init                              0x08007a2d   Thumb Code   150  stm32f4xx_tim.o(i.TIM_OC3Init)
    TIM_OC3PreloadConfig                     0x08007acd   Thumb Code    18  stm32f4xx_tim.o(i.TIM_OC3PreloadConfig)
    TIM_OC4Init                              0x08007ae1   Thumb Code   112  stm32f4xx_tim.o(i.TIM_OC4Init)
    TIM_OC4PreloadConfig                     0x08007b59   Thumb Code    26  stm32f4xx_tim.o(i.TIM_OC4PreloadConfig)
    TIM_OCStructInit                         0x08007b73   Thumb Code    20  stm32f4xx_tim.o(i.TIM_OCStructInit)
    TIM_PWM_Config                           0x08007b87   Thumb Code   156  time.o(i.TIM_PWM_Config)
    TIM_TimeBaseInit                         0x08007c25   Thumb Code   104  stm32f4xx_tim.o(i.TIM_TimeBaseInit)
    TIM_Timing_Config                        0x08007ca9   Thumb Code   302  time.o(i.TIM_Timing_Config)
    UART4_IRQHandler                         0x08007ddd   Thumb Code   550  stm32f4xx_it.o(i.UART4_IRQHandler)
    UART5_IRQHandler                         0x08008029   Thumb Code    64  stm32f4xx_it.o(i.UART5_IRQHandler)
    USART1_IRQHandler                        0x0800806d   Thumb Code    64  stm32f4xx_it.o(i.USART1_IRQHandler)
    USART2_IRQHandler                        0x080080b1   Thumb Code    64  stm32f4xx_it.o(i.USART2_IRQHandler)
    USART3_IRQHandler                        0x080080f5   Thumb Code   224  stm32f4xx_it.o(i.USART3_IRQHandler)
    USART_ClearITPendingBit                  0x080081e9   Thumb Code    30  stm32f4xx_usart.o(i.USART_ClearITPendingBit)
    USART_Cmd                                0x08008207   Thumb Code    24  stm32f4xx_usart.o(i.USART_Cmd)
    USART_DeInit                             0x08008221   Thumb Code   206  stm32f4xx_usart.o(i.USART_DeInit)
    USART_GetITStatus                        0x08008311   Thumb Code    84  stm32f4xx_usart.o(i.USART_GetITStatus)
    USART_ITConfig                           0x08008365   Thumb Code    74  stm32f4xx_usart.o(i.USART_ITConfig)
    USART_Init                               0x080083b1   Thumb Code   204  stm32f4xx_usart.o(i.USART_Init)
    USART_ReceiveData                        0x08008485   Thumb Code    10  stm32f4xx_usart.o(i.USART_ReceiveData)
    USART_SendData                           0x0800848f   Thumb Code     8  stm32f4xx_usart.o(i.USART_SendData)
    Underpan_Motor_Init                      0x08008499   Thumb Code   236  under_pan.o(i.Underpan_Motor_Init)
    UsageFault_Handler                       0x080085fd   Thumb Code     4  stm32f4xx_it.o(i.UsageFault_Handler)
    __ARM_fpclassify                         0x08008601   Thumb Code    48  fpclassify.o(i.__ARM_fpclassify)
    __hardfp_cos                             0x08008631   Thumb Code   180  cos.o(i.__hardfp_cos)
    __hardfp_sin                             0x080086f9   Thumb Code   180  sin.o(i.__hardfp_sin)
    __ieee754_rem_pio2                       0x080087c1   Thumb Code   938  rred.o(i.__ieee754_rem_pio2)
    __kernel_cos                             0x08008bf9   Thumb Code   322  cos_i.o(i.__kernel_cos)
    __kernel_poly                            0x08008d69   Thumb Code   248  poly.o(i.__kernel_poly)
    __kernel_sin                             0x08008e61   Thumb Code   280  sin_i.o(i.__kernel_sin)
    __mathlib_dbl_infnan                     0x08008f91   Thumb Code    20  dunder.o(i.__mathlib_dbl_infnan)
    __mathlib_dbl_invalid                    0x08008fa9   Thumb Code    24  dunder.o(i.__mathlib_dbl_invalid)
    __mathlib_dbl_underflow                  0x08008fc9   Thumb Code    24  dunder.o(i.__mathlib_dbl_underflow)
    delay_OSSchedlock                        0x08008fe9   Thumb Code    10  delay.o(i.delay_OSSchedlock)
    delay_OSSchedunlock                      0x08008ff3   Thumb Code    10  delay.o(i.delay_OSSchedunlock)
    delay_OSTimedly                          0x08008ffd   Thumb Code    16  delay.o(i.delay_OSTimedly)
    delay_init                               0x0800900d   Thumb Code    92  delay.o(i.delay_init)
    delay_ms                                 0x0800907d   Thumb Code    66  delay.o(i.delay_ms)
    delay_us                                 0x080090cd   Thumb Code    84  delay.o(i.delay_us)
    fabs                                     0x08009125   Thumb Code    24  fabs.o(i.fabs)
    int2str                                  0x0800913d   Thumb Code    86  rbc_lcd.o(i.int2str)
    led_task                                 0x0800919d   Thumb Code    66  app.o(i.led_task)
    main                                     0x080091f9   Thumb Code   206  main.o(i.main)
    star_task                                0x080092e9   Thumb Code   566  app.o(i.star_task)
    throw_ball                               0x080095f5   Thumb Code   400  throw.o(i.throw_ball)
    throw_task                               0x080097c5   Thumb Code   306  app.o(i.throw_task)
    __aeabi_dneg                             0x08009921   Thumb Code     0  basic.o(x$fpl$basic)
    _dneg                                    0x08009921   Thumb Code     6  basic.o(x$fpl$basic)
    __aeabi_fneg                             0x08009927   Thumb Code     0  basic.o(x$fpl$basic)
    _fneg                                    0x08009927   Thumb Code     6  basic.o(x$fpl$basic)
    _dabs                                    0x0800992d   Thumb Code     6  basic.o(x$fpl$basic)
    _fabs                                    0x08009933   Thumb Code     6  basic.o(x$fpl$basic)
    __aeabi_d2f                              0x08009939   Thumb Code     0  d2f.o(x$fpl$d2f)
    _d2f                                     0x08009939   Thumb Code    98  d2f.o(x$fpl$d2f)
    __aeabi_dadd                             0x0800999d   Thumb Code     0  daddsub_clz.o(x$fpl$dadd)
    _dadd                                    0x0800999d   Thumb Code   332  daddsub_clz.o(x$fpl$dadd)
    __aeabi_ddiv                             0x08009aed   Thumb Code     0  ddiv.o(x$fpl$ddiv)
    _ddiv                                    0x08009aed   Thumb Code   552  ddiv.o(x$fpl$ddiv)
    __aeabi_d2iz                             0x08009d9d   Thumb Code     0  dfix.o(x$fpl$dfix)
    _dfix                                    0x08009d9d   Thumb Code    94  dfix.o(x$fpl$dfix)
    __aeabi_i2d                              0x08009dfb   Thumb Code     0  dflt_clz.o(x$fpl$dflt)
    _dflt                                    0x08009dfb   Thumb Code    46  dflt_clz.o(x$fpl$dflt)
    __aeabi_ui2d                             0x08009e29   Thumb Code     0  dflt_clz.o(x$fpl$dfltu)
    _dfltu                                   0x08009e29   Thumb Code    38  dflt_clz.o(x$fpl$dfltu)
    __aeabi_dmul                             0x08009e51   Thumb Code     0  dmul.o(x$fpl$dmul)
    _dmul                                    0x08009e51   Thumb Code   332  dmul.o(x$fpl$dmul)
    __fpl_dnaninf                            0x08009fa5   Thumb Code   156  dnaninf.o(x$fpl$dnaninf)
    __fpl_dretinf                            0x0800a041   Thumb Code    12  dretinf.o(x$fpl$dretinf)
    __aeabi_drsub                            0x0800a04d   Thumb Code     0  daddsub_clz.o(x$fpl$drsb)
    _drsb                                    0x0800a04d   Thumb Code    22  daddsub_clz.o(x$fpl$drsb)
    __aeabi_dsub                             0x0800a065   Thumb Code     0  daddsub_clz.o(x$fpl$dsub)
    _dsub                                    0x0800a065   Thumb Code   464  daddsub_clz.o(x$fpl$dsub)
    __aeabi_f2d                              0x0800a239   Thumb Code     0  f2d.o(x$fpl$f2d)
    _f2d                                     0x0800a239   Thumb Code    86  f2d.o(x$fpl$f2d)
    __fpl_fnaninf                            0x0800a28f   Thumb Code   140  fnaninf.o(x$fpl$fnaninf)
    _fp_init                                 0x0800a31b   Thumb Code    10  fpinit.o(x$fpl$fpinit)
    __fplib_config_fpu_vfp                   0x0800a323   Thumb Code     0  fpinit.o(x$fpl$fpinit)
    __fplib_config_pureend_doubles           0x0800a323   Thumb Code     0  fpinit.o(x$fpl$fpinit)
    __fpl_fretinf                            0x0800a325   Thumb Code    10  fretinf.o(x$fpl$fretinf)
    __I$use$fp                               0x0800a32e   Number         0  usenofp.o(x$fpl$usenofp)
    num_table                                0x0800a32e   Data          17  rbc_lcd.o(.constdata)
    font5x8                                  0x0800a33f   Data         475  rbc_lcd.o(.constdata)
    OSCfg_IdleTaskStkBasePtr                 0x0800a51c   Data           4  os_cfg_app.o(.constdata)
    OSCfg_IdleTaskStkLimit                   0x0800a520   Data           4  os_cfg_app.o(.constdata)
    OSCfg_IdleTaskStkSize                    0x0800a524   Data           4  os_cfg_app.o(.constdata)
    OSCfg_IdleTaskStkSizeRAM                 0x0800a528   Data           4  os_cfg_app.o(.constdata)
    OSCfg_IntQBasePtr                        0x0800a52c   Data           4  os_cfg_app.o(.constdata)
    OSCfg_IntQSize                           0x0800a530   Data           2  os_cfg_app.o(.constdata)
    OSCfg_IntQSizeRAM                        0x0800a534   Data           4  os_cfg_app.o(.constdata)
    OSCfg_IntQTaskStkBasePtr                 0x0800a538   Data           4  os_cfg_app.o(.constdata)
    OSCfg_IntQTaskStkLimit                   0x0800a53c   Data           4  os_cfg_app.o(.constdata)
    OSCfg_IntQTaskStkSize                    0x0800a540   Data           4  os_cfg_app.o(.constdata)
    OSCfg_IntQTaskStkSizeRAM                 0x0800a544   Data           4  os_cfg_app.o(.constdata)
    OSCfg_ISRStkBasePtr                      0x0800a548   Data           4  os_cfg_app.o(.constdata)
    OSCfg_ISRStkSize                         0x0800a54c   Data           4  os_cfg_app.o(.constdata)
    OSCfg_ISRStkSizeRAM                      0x0800a550   Data           4  os_cfg_app.o(.constdata)
    OSCfg_MsgPoolSize                        0x0800a554   Data           2  os_cfg_app.o(.constdata)
    OSCfg_MsgPoolSizeRAM                     0x0800a558   Data           4  os_cfg_app.o(.constdata)
    OSCfg_MsgPoolBasePtr                     0x0800a55c   Data           4  os_cfg_app.o(.constdata)
    OSCfg_StatTaskPrio                       0x0800a560   Data           1  os_cfg_app.o(.constdata)
    OSCfg_StatTaskRate_Hz                    0x0800a564   Data           4  os_cfg_app.o(.constdata)
    OSCfg_StatTaskStkBasePtr                 0x0800a568   Data           4  os_cfg_app.o(.constdata)
    OSCfg_StatTaskStkLimit                   0x0800a56c   Data           4  os_cfg_app.o(.constdata)
    OSCfg_StatTaskStkSize                    0x0800a570   Data           4  os_cfg_app.o(.constdata)
    OSCfg_StatTaskStkSizeRAM                 0x0800a574   Data           4  os_cfg_app.o(.constdata)
    OSCfg_StkSizeMin                         0x0800a578   Data           4  os_cfg_app.o(.constdata)
    OSCfg_TickRate_Hz                        0x0800a57c   Data           4  os_cfg_app.o(.constdata)
    OSCfg_TickTaskPrio                       0x0800a580   Data           1  os_cfg_app.o(.constdata)
    OSCfg_TickTaskStkBasePtr                 0x0800a584   Data           4  os_cfg_app.o(.constdata)
    OSCfg_TickTaskStkLimit                   0x0800a588   Data           4  os_cfg_app.o(.constdata)
    OSCfg_TickTaskStkSize                    0x0800a58c   Data           4  os_cfg_app.o(.constdata)
    OSCfg_TickTaskStkSizeRAM                 0x0800a590   Data           4  os_cfg_app.o(.constdata)
    OSCfg_TmrTaskPrio                        0x0800a594   Data           1  os_cfg_app.o(.constdata)
    OSCfg_TmrTaskRate_Hz                     0x0800a598   Data           4  os_cfg_app.o(.constdata)
    OSCfg_TmrTaskStkBasePtr                  0x0800a59c   Data           4  os_cfg_app.o(.constdata)
    OSCfg_TmrTaskStkLimit                    0x0800a5a0   Data           4  os_cfg_app.o(.constdata)
    OSCfg_TmrTaskStkSize                     0x0800a5a4   Data           4  os_cfg_app.o(.constdata)
    OSCfg_TmrTaskStkSizeRAM                  0x0800a5a8   Data           4  os_cfg_app.o(.constdata)
    OSCfg_DataSizeRAM                        0x0800a5ac   Data           4  os_cfg_app.o(.constdata)
    OSDbg_DbgEn                              0x0800a5b0   Data           1  os_dbg.o(.constdata)
    OSDbg_ArgChkEn                           0x0800a5b1   Data           1  os_dbg.o(.constdata)
    OSDbg_AppHooksEn                         0x0800a5b2   Data           1  os_dbg.o(.constdata)
    OSDbg_EndiannessTest                     0x0800a5b4   Data           4  os_dbg.o(.constdata)
    OSDbg_CalledFromISRChkEn                 0x0800a5b8   Data           1  os_dbg.o(.constdata)
    OSDbg_FlagEn                             0x0800a5b9   Data           1  os_dbg.o(.constdata)
    OSDbg_FlagGrp                            0x0800a5bc   Data          40  os_dbg.o(.constdata)
    OSDbg_FlagDelEn                          0x0800a5e4   Data           1  os_dbg.o(.constdata)
    OSDbg_FlagModeClrEn                      0x0800a5e5   Data           1  os_dbg.o(.constdata)
    OSDbg_FlagPendAbortEn                    0x0800a5e6   Data           1  os_dbg.o(.constdata)
    OSDbg_FlagGrpSize                        0x0800a5e8   Data           2  os_dbg.o(.constdata)
    OSDbg_FlagWidth                          0x0800a5ea   Data           2  os_dbg.o(.constdata)
    OSDbg_IntQ                               0x0800a5ec   Data           2  os_dbg.o(.constdata)
    OSDbg_ISRPostDeferredEn                  0x0800a5ee   Data           1  os_dbg.o(.constdata)
    OSDbg_Mem                                0x0800a5f0   Data          32  os_dbg.o(.constdata)
    OSDbg_MemEn                              0x0800a610   Data           1  os_dbg.o(.constdata)
    OSDbg_MemSize                            0x0800a612   Data           2  os_dbg.o(.constdata)
    OSDbg_MsgEn                              0x0800a614   Data           1  os_dbg.o(.constdata)
    OSDbg_MsgSize                            0x0800a616   Data           2  os_dbg.o(.constdata)
    OSDbg_MsgPoolSize                        0x0800a618   Data           2  os_dbg.o(.constdata)
    OSDbg_MsgQSize                           0x0800a61a   Data           2  os_dbg.o(.constdata)
    OSDbg_Mutex                              0x0800a61c   Data          44  os_dbg.o(.constdata)
    OSDbg_MutexEn                            0x0800a648   Data           1  os_dbg.o(.constdata)
    OSDbg_MutexDelEn                         0x0800a649   Data           1  os_dbg.o(.constdata)
    OSDbg_MutexPendAbortEn                   0x0800a64a   Data           1  os_dbg.o(.constdata)
    OSDbg_MutexSize                          0x0800a64c   Data           2  os_dbg.o(.constdata)
    OSDbg_ObjTypeChkEn                       0x0800a64e   Data           1  os_dbg.o(.constdata)
    OSDbg_PendMultiEn                        0x0800a64f   Data           1  os_dbg.o(.constdata)
    OSDbg_PendDataSize                       0x0800a650   Data           2  os_dbg.o(.constdata)
    OSDbg_PendListSize                       0x0800a652   Data           2  os_dbg.o(.constdata)
    OSDbg_PendObjSize                        0x0800a654   Data           2  os_dbg.o(.constdata)
    OSDbg_PrioMax                            0x0800a656   Data           2  os_dbg.o(.constdata)
    OSDbg_PrioTblSize                        0x0800a658   Data           2  os_dbg.o(.constdata)
    OSDbg_PtrSize                            0x0800a65a   Data           2  os_dbg.o(.constdata)
    OSDbg_Q                                  0x0800a65c   Data          48  os_dbg.o(.constdata)
    OSDbg_QEn                                0x0800a68c   Data           1  os_dbg.o(.constdata)
    OSDbg_QDelEn                             0x0800a68d   Data           1  os_dbg.o(.constdata)
    OSDbg_QFlushEn                           0x0800a68e   Data           1  os_dbg.o(.constdata)
    OSDbg_QPendAbortEn                       0x0800a68f   Data           1  os_dbg.o(.constdata)
    OSDbg_QSize                              0x0800a690   Data           2  os_dbg.o(.constdata)
    OSDbg_SchedRoundRobinEn                  0x0800a692   Data           1  os_dbg.o(.constdata)
    OSDbg_Sem                                0x0800a694   Data          40  os_dbg.o(.constdata)
    OSDbg_SemEn                              0x0800a6bc   Data           1  os_dbg.o(.constdata)
    OSDbg_SemDelEn                           0x0800a6bd   Data           1  os_dbg.o(.constdata)
    OSDbg_SemPendAbortEn                     0x0800a6be   Data           1  os_dbg.o(.constdata)
    OSDbg_SemSetEn                           0x0800a6bf   Data           1  os_dbg.o(.constdata)
    OSDbg_SemSize                            0x0800a6c0   Data           2  os_dbg.o(.constdata)
    OSDbg_RdyList                            0x0800a6c2   Data           2  os_dbg.o(.constdata)
    OSDbg_RdyListSize                        0x0800a6c4   Data           4  os_dbg.o(.constdata)
    OSDbg_StkWidth                           0x0800a6c8   Data           1  os_dbg.o(.constdata)
    OSDbg_StatTaskEn                         0x0800a6c9   Data           1  os_dbg.o(.constdata)
    OSDbg_StatTaskStkChkEn                   0x0800a6ca   Data           1  os_dbg.o(.constdata)
    OSDbg_TaskChangePrioEn                   0x0800a6cb   Data           1  os_dbg.o(.constdata)
    OSDbg_TaskDelEn                          0x0800a6cc   Data           1  os_dbg.o(.constdata)
    OSDbg_TaskQEn                            0x0800a6cd   Data           1  os_dbg.o(.constdata)
    OSDbg_TaskQPendAbortEn                   0x0800a6ce   Data           1  os_dbg.o(.constdata)
    OSDbg_TaskProfileEn                      0x0800a6cf   Data           1  os_dbg.o(.constdata)
    OSDbg_TaskRegTblSize                     0x0800a6d0   Data           2  os_dbg.o(.constdata)
    OSDbg_TaskSemPendAbortEn                 0x0800a6d2   Data           1  os_dbg.o(.constdata)
    OSDbg_TaskSuspendEn                      0x0800a6d3   Data           1  os_dbg.o(.constdata)
    OSDbg_TCBSize                            0x0800a6d4   Data           2  os_dbg.o(.constdata)
    OSDbg_TickListSize                       0x0800a6d6   Data           2  os_dbg.o(.constdata)
    OSDbg_TimeDlyHMSMEn                      0x0800a6d8   Data           1  os_dbg.o(.constdata)
    OSDbg_TimeDlyResumeEn                    0x0800a6d9   Data           1  os_dbg.o(.constdata)
    OSDbg_TLS_TblSize                        0x0800a6da   Data           2  os_dbg.o(.constdata)
    OSDbg_Tmr                                0x0800a6dc   Data          48  os_dbg.o(.constdata)
    OSDbg_TmrEn                              0x0800a70c   Data           1  os_dbg.o(.constdata)
    OSDbg_TmrDelEn                           0x0800a70d   Data           1  os_dbg.o(.constdata)
    OSDbg_TmrSize                            0x0800a70e   Data           2  os_dbg.o(.constdata)
    OSDbg_VersionNbr                         0x0800a710   Data           2  os_dbg.o(.constdata)
    OSDbg_DataSize                           0x0800a714   Data           4  os_dbg.o(.constdata)
    Region$$Table$$Base                      0x0800a838   Number         0  anon$$obj.o(Region$$Table)
    Region$$Table$$Limit                     0x0800a858   Number         0  anon$$obj.o(Region$$Table)
    bru_speed                                0x20000000   Data           4  stm32f4xx_it.o(.data)
    rotate_speed                             0x20000004   Data           4  stm32f4xx_it.o(.data)
    Enc_TIM4                                 0x20000008   Data           8  stm32f4xx_it.o(.data)
    flag_DI                                  0x20000010   Data           1  stm32f4xx_it.o(.data)
    number_DI                                0x20000012   Data           2  stm32f4xx_it.o(.data)
    off_flag                                 0x20000014   Data           1  stm32f4xx_it.o(.data)
    a                                        0x20000018   Data           4  stm32f4xx_it.o(.data)
    hole_circle                              0x2000001c   Data           4  stm32f4xx_it.o(.data)
    circle1                                  0x20000020   Data           4  stm32f4xx_it.o(.data)
    first_offset                             0x20000024   Data           4  stm32f4xx_it.o(.data)
    pay_first                                0x20000028   Data           4  stm32f4xx_it.o(.data)
    pay_second                               0x2000002c   Data           4  stm32f4xx_it.o(.data)
    Encoder                                  0x20000030   Data           4  stm32f4xx_it.o(.data)
    lat_Encoder                              0x20000034   Data           4  stm32f4xx_it.o(.data)
    speed_real                               0x20000038   Data           4  stm32f4xx_it.o(.data)
    v_flag                                   0x2000003c   Data           4  stm32f4xx_it.o(.data)
    time1                                    0x20000040   Data           4  stm32f4xx_it.o(.data)
    speed2                                   0x20000044   Data           4  stm32f4xx_it.o(.data)
    Encoder1                                 0x20000048   Data           4  stm32f4xx_it.o(.data)
    lat_Encoder1                             0x2000004c   Data           4  stm32f4xx_it.o(.data)
    get_finaldis                             0x20000050   Data           4  stm32f4xx_it.o(.data)
    asd                                      0x20000054   Data           4  stm32f4xx_it.o(.data)
    SystemCoreClock                          0x2000006c   Data           4  system_stm32f4xx.o(.data)
    AHBPrescTable                            0x20000070   Data          16  system_stm32f4xx.o(.data)
    StarTaskErr                              0x20000090   Data           2  app.o(.data)
    LedTaskErr                               0x20000092   Data           2  app.o(.data)
    throwTaskErr                             0x20000094   Data           2  app.o(.data)
    LCDTaskErr                               0x20000096   Data           2  app.o(.data)
    KeyTaskErr                               0x20000098   Data           2  app.o(.data)
    LineWalkTaskErr                          0x2000009a   Data           2  app.o(.data)
    HandleControlTaskErr                     0x2000009c   Data           2  app.o(.data)
    OffsetControlTaskErr                     0x2000009e   Data           2  app.o(.data)
    TASK_RUNNING                             0x200000a0   Data           8  app.o(.data)
    Encoder1_Count                           0x200000a8   Data           4  app.o(.data)
    Encoder2_Count                           0x200000ac   Data           4  app.o(.data)
    Encoder_TIM2                             0x200000b0   Data           4  app.o(.data)
    Encoder_TIM4                             0x200000b4   Data           4  app.o(.data)
    Encoder_TIM8                             0x200000b8   Data           4  app.o(.data)
    Under_Motor1                             0x200000bc   Data           8  app.o(.data)
    Under_Motor2                             0x200000c4   Data           8  app.o(.data)
    Under_Motor3                             0x200000cc   Data           8  app.o(.data)
    Under_Motor4                             0x200000d4   Data           8  app.o(.data)
    ROBOCON_Start                            0x200000dc   Data           1  app.o(.data)
    UART_CH                                  0x200000dd   Data           5  app.o(.data)
    send_flag                                0x200000e2   Data           1  app.o(.data)
    Line_Walk_Flag                           0x200000e3   Data           1  app.o(.data)
    debug_symbol                             0x200000e4   Data           4  app.o(.data)
    fire_throw                               0x200000e8   Data           4  app.o(.data)
    Rb_Handle_Control                        0x200000ec   Data          36  app.o(.data)
    Robocon_Handle_Flag                      0x20000110   Data           1  app.o(.data)
    Camera_Offset                            0x20000112   Data           2  app.o(.data)
    Line_Walk_Start                          0x20000114   Data           1  app.o(.data)
    Line_Speed_val                           0x20000115   Data           1  app.o(.data)
    Line_Angle                               0x20000118   Data           4  app.o(.data)
    Accel_Line_Walk_Flag                     0x2000011c   Data           1  app.o(.data)
    Angle_Line_Walk_Flag                     0x2000011d   Data           1  app.o(.data)
    Adjust_P                                 0x20000120   Data           4  app.o(.data)
    Adjust_Time                              0x20000124   Data           4  app.o(.data)
    Error_Count                              0x20000128   Data           1  app.o(.data)
    Init_Time                                0x2000012c   Data           4  app.o(.data)
    End_Time                                 0x20000130   Data           4  app.o(.data)
    Direction                                0x20000134   Data           4  app.o(.data)
    Time_5S                                  0x20000138   Data           4  app.o(.data)
    flag_off                                 0x2000013c   Data           1  app.o(.data)
    flag_line                                0x2000013d   Data           1  app.o(.data)
    place                                    0x20000140   Data           4  app.o(.data)
    moc_speed_3m                             0x20000144   Data           2  app.o(.data)
    moc_speed_6m                             0x20000146   Data           2  app.o(.data)
    speed_3m                                 0x20000148   Data           2  app.o(.data)
    speed_6m                                 0x2000014a   Data           2  app.o(.data)
    Launchplace_3m1                          0x2000014c   Data           4  app.o(.data)
    Launchplace_6m2                          0x20000150   Data           4  app.o(.data)
    Launchplace_6m3                          0x20000154   Data           4  app.o(.data)
    Launchplace_6m4                          0x20000158   Data           4  app.o(.data)
    Launchplace_6m5                          0x2000015c   Data           4  app.o(.data)
    Launchplace_6m6                          0x20000160   Data           4  app.o(.data)
    Launchplace_9m7                          0x20000164   Data           4  app.o(.data)
    throw_flag                               0x20000168   Data           4  app.o(.data)
    init_distance                            0x2000016c   Data           4  app.o(.data)
    CAN_RE                                   0x20000170   Data           8  app.o(.data)
    flag_exti                                0x20000178   Data           2  app.o(.data)
    exti_flag15                              0x2000017c   Data           4  app.o(.data)
    exti_flag8                               0x20000180   Data           4  app.o(.data)
    exti_flag2                               0x20000184   Data           4  app.o(.data)
    exti_flag13                              0x20000188   Data           4  app.o(.data)
    speeD                                    0x2000018c   Data           4  app.o(.data)
    last_speeD                               0x20000190   Data           4  app.o(.data)
    acce                                     0x20000194   Data           4  app.o(.data)
    target_speed                             0x20000198   Data           4  app.o(.data)
    target_acce                              0x2000019c   Data           4  app.o(.data)
    safeplace_345                            0x200001a0   Data           2  simulate.o(.data)
    Launchplace                              0x200001a2   Data           2  simulate.o(.data)
    SERVO_Zhong_Place                        0x200001a4   Data           2  simulate.o(.data)
    SERVO_Kai_Place                          0x200001a6   Data           2  simulate.o(.data)
    SERVO_Guan_Place                         0x200001a8   Data           2  simulate.o(.data)
    PWM_adjust                               0x200001aa   Data           1  simulate.o(.data)
    Place_adjust                             0x200001ab   Data           1  simulate.o(.data)
    dif_2                                    0x200001b0   Data           4  exti.o(.data)
    control_num                              0x200001b4   Data           4  throw.o(.data)
    diantance_offset_last                    0x200001b8   Data           4  throw.o(.data)
    CPU_TS_TmrFreq_Hz                        0x200001bc   Data           4  cpu_core.o(.data)
    OSPrioTbl                                0x200001c0   Data           8  os_prio.o(.data)
    OS_AppTaskCreateHookPtr                  0x200001c8   Data           4  os_var.o(.data)
    OS_AppTaskDelHookPtr                     0x200001cc   Data           4  os_var.o(.data)
    OS_AppTaskReturnHookPtr                  0x200001d0   Data           4  os_var.o(.data)
    OS_AppIdleTaskHookPtr                    0x200001d4   Data           4  os_var.o(.data)
    OS_AppStatTaskHookPtr                    0x200001d8   Data           4  os_var.o(.data)
    OS_AppTaskSwHookPtr                      0x200001dc   Data           4  os_var.o(.data)
    OS_AppTimeTickHookPtr                    0x200001e0   Data           4  os_var.o(.data)
    OSIdleTaskCtr                            0x200001e4   Data           4  os_var.o(.data)
    OSIntNestingCtr                          0x200001e8   Data           1  os_var.o(.data)
    OSRunning                                0x200001e9   Data           1  os_var.o(.data)
    OSIntQInPtr                              0x200001ec   Data           4  os_var.o(.data)
    OSIntQOutPtr                             0x200001f0   Data           4  os_var.o(.data)
    OSIntQNbrEntries                         0x200001f4   Data           2  os_var.o(.data)
    OSIntQNbrEntriesMax                      0x200001f6   Data           2  os_var.o(.data)
    OSIntQOvfCtr                             0x200001f8   Data           2  os_var.o(.data)
    OSIntQTaskTimeMax                        0x200001fc   Data           4  os_var.o(.data)
    OSFlagDbgListPtr                         0x20000200   Data           4  os_var.o(.data)
    OSFlagQty                                0x20000204   Data           2  os_var.o(.data)
    OSMemDbgListPtr                          0x20000208   Data           4  os_var.o(.data)
    OSMemQty                                 0x2000020c   Data           2  os_var.o(.data)
    OSMutexDbgListPtr                        0x20000210   Data           4  os_var.o(.data)
    OSMutexQty                               0x20000214   Data           2  os_var.o(.data)
    OSPrioCur                                0x20000216   Data           1  os_var.o(.data)
    OSPrioHighRdy                            0x20000217   Data           1  os_var.o(.data)
    OSPrioSaved                              0x20000218   Data           1  os_var.o(.data)
    OSQDbgListPtr                            0x2000021c   Data           4  os_var.o(.data)
    OSQQty                                   0x20000220   Data           2  os_var.o(.data)
    OSSchedLockTimeBegin                     0x20000224   Data           4  os_var.o(.data)
    OSSchedLockTimeMax                       0x20000228   Data           4  os_var.o(.data)
    OSSchedLockTimeMaxCur                    0x2000022c   Data           4  os_var.o(.data)
    OSSchedLockNestingCtr                    0x20000230   Data           1  os_var.o(.data)
    OSSemDbgListPtr                          0x20000234   Data           4  os_var.o(.data)
    OSSemQty                                 0x20000238   Data           2  os_var.o(.data)
    OSStatResetFlag                          0x2000023a   Data           1  os_var.o(.data)
    OSStatTaskCPUUsage                       0x2000023c   Data           2  os_var.o(.data)
    OSStatTaskCPUUsageMax                    0x2000023e   Data           2  os_var.o(.data)
    OSStatTaskCtr                            0x20000240   Data           4  os_var.o(.data)
    OSStatTaskCtrMax                         0x20000244   Data           4  os_var.o(.data)
    OSStatTaskCtrRun                         0x20000248   Data           4  os_var.o(.data)
    OSStatTaskRdy                            0x2000024c   Data           1  os_var.o(.data)
    OSStatTaskTimeMax                        0x20000250   Data           4  os_var.o(.data)
    OSTaskCtxSwCtr                           0x20000254   Data           4  os_var.o(.data)
    OSTaskDbgListPtr                         0x20000258   Data           4  os_var.o(.data)
    OSTaskQty                                0x2000025c   Data           2  os_var.o(.data)
    OSTaskRegNextAvailID                     0x2000025e   Data           1  os_var.o(.data)
    OSTickCtr                                0x20000260   Data           4  os_var.o(.data)
    OSTickTaskTimeMax                        0x20000264   Data           4  os_var.o(.data)
    OSTickListDly                            0x20000268   Data           8  os_var.o(.data)
    OSTickListTimeout                        0x20000270   Data           8  os_var.o(.data)
    OSTmrDbgListPtr                          0x20000278   Data           4  os_var.o(.data)
    OSTmrListEntries                         0x2000027c   Data           2  os_var.o(.data)
    OSTmrListPtr                             0x20000280   Data           4  os_var.o(.data)
    OSTmrQty                                 0x20000284   Data           2  os_var.o(.data)
    OSTmrTaskTimeMax                         0x20000288   Data           4  os_var.o(.data)
    OSTmrTickCtr                             0x2000028c   Data           4  os_var.o(.data)
    OSTmrUpdateCnt                           0x20000290   Data           4  os_var.o(.data)
    OSTmrUpdateCtr                           0x20000294   Data           4  os_var.o(.data)
    OSTCBCurPtr                              0x20000298   Data           4  os_var.o(.data)
    OSTCBHighRdyPtr                          0x2000029c   Data           4  os_var.o(.data)
    OS_CPU_ExceptStkBase                     0x200002a0   Data           4  os_cpu_c.o(.data)
    StarTaskTCB                              0x200002a4   Data         184  main.o(.bss)
    STAR_TASK_STK                            0x2000035c   Data         512  main.o(.bss)
    sped                                     0x2000055c   Data        8000  stm32f4xx_it.o(.bss)
    LedTaskTCB                               0x2000249c   Data         184  app.o(.bss)
    LED_TASK_STK                             0x20002554   Data         512  app.o(.bss)
    throwTaskTCB                             0x20002754   Data         184  app.o(.bss)
    throw_TASK_STK                           0x2000280c   Data         512  app.o(.bss)
    LCDTaskTCB                               0x20002a0c   Data         184  app.o(.bss)
    LCD_TASK_STK                             0x20002ac4   Data        1024  app.o(.bss)
    KEYTaskTCB                               0x20002ec4   Data         184  app.o(.bss)
    KEY_TASK_STK                             0x20002f7c   Data         512  app.o(.bss)
    LineWalkTaskTCB                          0x2000317c   Data         184  app.o(.bss)
    LineWalk_TASK_STK                        0x20003234   Data         512  app.o(.bss)
    HandleControlTaskTCB                     0x20003434   Data         184  app.o(.bss)
    HandleControl_TASK_STK                   0x200034ec   Data        1024  app.o(.bss)
    OffsetControlTaskTCB                     0x200038ec   Data         184  app.o(.bss)
    OffsetControl_TASK_STK                   0x200039a4   Data        4096  app.o(.bss)
    tab                                      0x200049a4   Data        1116  app.o(.bss)
    Locate_Alldate                           0x20004e00   Data          24  app.o(.bss)
    Handle_Sem                               0x20004e18   Data          40  app.o(.bss)
    LineWalk_task_Sem1                       0x20004e40   Data          40  app.o(.bss)
    LineWalk_task_Sem2                       0x20004e68   Data          40  app.o(.bss)
    UNDER1_MLCB                              0x20004e90   Data          12  under_pan.o(.bss)
    UNDER2_MLCB                              0x20004e9c   Data          12  under_pan.o(.bss)
    UNDER3_MLCB                              0x20004ea8   Data          12  under_pan.o(.bss)
    UNDER4_MLCB                              0x20004eb4   Data          12  under_pan.o(.bss)
    UNDER5_MLCB                              0x20004ec0   Data          12  under_pan.o(.bss)
    UNDER6_MLCB                              0x20004ecc   Data          12  under_pan.o(.bss)
    CPU_Name                                 0x20004ed8   Data          16  cpu_core.o(.bss)
    OSCfg_IdleTaskStk                        0x20004ee8   Data         512  os_cfg_app.o(.bss)
    OSCfg_IntQ                               0x200050e8   Data         320  os_cfg_app.o(.bss)
    OSCfg_IntQTaskStk                        0x20005228   Data         512  os_cfg_app.o(.bss)
    OSCfg_ISRStk                             0x20005428   Data         512  os_cfg_app.o(.bss)
    OSCfg_MsgPool                            0x20005628   Data        1600  os_cfg_app.o(.bss)
    OSCfg_StatTaskStk                        0x20005c68   Data         512  os_cfg_app.o(.bss)
    OSCfg_TickTaskStk                        0x20005e68   Data         512  os_cfg_app.o(.bss)
    OSCfg_TmrTaskStk                         0x20006068   Data         512  os_cfg_app.o(.bss)
    OSIdleTaskTCB                            0x20006268   Data         184  os_var.o(.bss)
    OSIntQTaskTCB                            0x20006320   Data         184  os_var.o(.bss)
    OSMsgPool                                0x200063d8   Data          12  os_var.o(.bss)
    OSRdyList                                0x200063e4   Data         768  os_var.o(.bss)
    OSStatTaskTCB                            0x200066e4   Data         184  os_var.o(.bss)
    OSTickTaskTCB                            0x2000679c   Data         184  os_var.o(.bss)
    OSTmrMutex                               0x20006854   Data          44  os_var.o(.bss)
    OSTmrTaskTCB                             0x20006880   Data         184  os_var.o(.bss)
    __libspace_start                         0x20006938   Data          96  libspace.o(.bss)
    __temporary_stack_top$libspace           0x20006998   Data           0  libspace.o(.bss)



==============================================================================

Memory Map of the image

  Image Entry point : 0x08000189

  Load Region LR_IROM1 (Base: 0x08000000, Size: 0x0000aafc, Max: 0x00100000, ABSOLUTE, COMPRESSED[0x0000a8ac])

    Execution Region ER_IROM1 (Base: 0x08000000, Size: 0x0000a858, Max: 0x00100000, ABSOLUTE)

    Base Addr    Size         Type   Attr      Idx    E Section Name        Object

    0x08000000   0x00000188   Data   RO          546    RESET               startup_stm32f40_41xxx.o
    0x08000188   0x00000008   Code   RO         8176  * !!!main             c_w.l(__main.o)
    0x08000190   0x00000034   Code   RO         8470    !!!scatter          c_w.l(__scatter.o)
    0x080001c4   0x0000005a   Code   RO         8468    !!dczerorl2         c_w.l(__dczerorl2.o)
    0x0800021e   0x00000002   PAD
    0x08000220   0x0000001c   Code   RO         8472    !!handler_zi        c_w.l(__scatter_zi.o)
    0x0800023c   0x00000002   Code   RO         8342    .ARM.Collect$$libinit$$00000000  c_w.l(libinit.o)
    0x0800023e   0x00000004   Code   RO         8351    .ARM.Collect$$libinit$$00000001  c_w.l(libinit2.o)
    0x08000242   0x00000000   Code   RO         8354    .ARM.Collect$$libinit$$00000004  c_w.l(libinit2.o)
    0x08000242   0x00000000   Code   RO         8357    .ARM.Collect$$libinit$$0000000A  c_w.l(libinit2.o)
    0x08000242   0x00000000   Code   RO         8359    .ARM.Collect$$libinit$$0000000C  c_w.l(libinit2.o)
    0x08000242   0x00000000   Code   RO         8361    .ARM.Collect$$libinit$$0000000E  c_w.l(libinit2.o)
    0x08000242   0x00000000   Code   RO         8364    .ARM.Collect$$libinit$$00000011  c_w.l(libinit2.o)
    0x08000242   0x00000000   Code   RO         8366    .ARM.Collect$$libinit$$00000013  c_w.l(libinit2.o)
    0x08000242   0x00000000   Code   RO         8368    .ARM.Collect$$libinit$$00000015  c_w.l(libinit2.o)
    0x08000242   0x00000000   Code   RO         8370    .ARM.Collect$$libinit$$00000017  c_w.l(libinit2.o)
    0x08000242   0x00000000   Code   RO         8372    .ARM.Collect$$libinit$$00000019  c_w.l(libinit2.o)
    0x08000242   0x00000000   Code   RO         8374    .ARM.Collect$$libinit$$0000001B  c_w.l(libinit2.o)
    0x08000242   0x00000000   Code   RO         8376    .ARM.Collect$$libinit$$0000001D  c_w.l(libinit2.o)
    0x08000242   0x00000000   Code   RO         8378    .ARM.Collect$$libinit$$0000001F  c_w.l(libinit2.o)
    0x08000242   0x00000000   Code   RO         8380    .ARM.Collect$$libinit$$00000021  c_w.l(libinit2.o)
    0x08000242   0x00000000   Code   RO         8382    .ARM.Collect$$libinit$$00000023  c_w.l(libinit2.o)
    0x08000242   0x00000000   Code   RO         8384    .ARM.Collect$$libinit$$00000025  c_w.l(libinit2.o)
    0x08000242   0x00000000   Code   RO         8388    .ARM.Collect$$libinit$$0000002C  c_w.l(libinit2.o)
    0x08000242   0x00000000   Code   RO         8390    .ARM.Collect$$libinit$$0000002E  c_w.l(libinit2.o)
    0x08000242   0x00000000   Code   RO         8392    .ARM.Collect$$libinit$$00000030  c_w.l(libinit2.o)
    0x08000242   0x00000000   Code   RO         8394    .ARM.Collect$$libinit$$00000032  c_w.l(libinit2.o)
    0x08000242   0x00000002   Code   RO         8395    .ARM.Collect$$libinit$$00000033  c_w.l(libinit2.o)
    0x08000244   0x00000002   Code   RO         8426    .ARM.Collect$$libshutdown$$00000000  c_w.l(libshutdown.o)
    0x08000246   0x00000000   Code   RO         8453    .ARM.Collect$$libshutdown$$00000003  c_w.l(libshutdown2.o)
    0x08000246   0x00000000   Code   RO         8456    .ARM.Collect$$libshutdown$$00000006  c_w.l(libshutdown2.o)
    0x08000246   0x00000000   Code   RO         8459    .ARM.Collect$$libshutdown$$00000009  c_w.l(libshutdown2.o)
    0x08000246   0x00000000   Code   RO         8461    .ARM.Collect$$libshutdown$$0000000B  c_w.l(libshutdown2.o)
    0x08000246   0x00000000   Code   RO         8464    .ARM.Collect$$libshutdown$$0000000E  c_w.l(libshutdown2.o)
    0x08000246   0x00000002   Code   RO         8465    .ARM.Collect$$libshutdown$$0000000F  c_w.l(libshutdown2.o)
    0x08000248   0x00000000   Code   RO         8244    .ARM.Collect$$rtentry$$00000000  c_w.l(__rtentry.o)
    0x08000248   0x00000000   Code   RO         8293    .ARM.Collect$$rtentry$$00000002  c_w.l(__rtentry2.o)
    0x08000248   0x00000006   Code   RO         8305    .ARM.Collect$$rtentry$$00000004  c_w.l(__rtentry4.o)
    0x0800024e   0x00000000   Code   RO         8295    .ARM.Collect$$rtentry$$00000009  c_w.l(__rtentry2.o)
    0x0800024e   0x00000004   Code   RO         8296    .ARM.Collect$$rtentry$$0000000A  c_w.l(__rtentry2.o)
    0x08000252   0x00000000   Code   RO         8298    .ARM.Collect$$rtentry$$0000000C  c_w.l(__rtentry2.o)
    0x08000252   0x00000008   Code   RO         8299    .ARM.Collect$$rtentry$$0000000D  c_w.l(__rtentry2.o)
    0x0800025a   0x00000002   Code   RO         8343    .ARM.Collect$$rtexit$$00000000  c_w.l(rtexit.o)
    0x0800025c   0x00000000   Code   RO         8399    .ARM.Collect$$rtexit$$00000002  c_w.l(rtexit2.o)
    0x0800025c   0x00000004   Code   RO         8400    .ARM.Collect$$rtexit$$00000003  c_w.l(rtexit2.o)
    0x08000260   0x00000006   Code   RO         8401    .ARM.Collect$$rtexit$$00000004  c_w.l(rtexit2.o)
    0x08000266   0x00000002   PAD
    0x08000268   0x00000040   Code   RO          547    .text               startup_stm32f40_41xxx.o
    0x080002a8   0x00000034   Code   RO         6494    .text               cpu_a.o
    0x080002dc   0x00000006   Code   RO         8174    .text               c_w.l(heapauxi.o)
    0x080002e2   0x00000016   Code   RO         8249    .text               c_w.l(_rserrno.o)
    0x080002f8   0x00000008   Code   RO         8312    .text               c_w.l(rt_errno_addr_intlibspace.o)
    0x08000300   0x00000008   Code   RO         8326    .text               c_w.l(libspace.o)
    0x08000308   0x0000004a   Code   RO         8329    .text               c_w.l(sys_stackheap_outer.o)
    0x08000352   0x0000000c   Code   RO         8331    .text               c_w.l(exit.o)
    0x0800035e   0x00000002   PAD
    0x08000360   0x0000000c   Code   RO         8396    .text               c_w.l(sys_exit.o)
    0x0800036c   0x00000002   Code   RO         8415    .text               c_w.l(use_no_semi.o)
    0x0800036e   0x00000000   Code   RO         8417    .text               c_w.l(indicate_semi.o)
    0x0800036e   0x00000002   PAD
    0x08000370   0x000000ac   Code   RO         8009    CODE                os_cpu_a.o
    0x0800041c   0x00000128   Code   RO         5817    i.A_Usart_Config    usart.o
    0x08000544   0x00000020   Code   RO         5309    i.BEED_Init         a_test.o
    0x08000564   0x0000000e   Code   RO         6278    i.BSP_CPU_ClkFreq   bsp_1.o
    0x08000572   0x00000002   PAD
    0x08000574   0x00000068   Code   RO         5926    i.BSP_Init          bsp.o
    0x080005dc   0x00000004   Code   RO          289    i.BusFault_Handler  stm32f4xx_it.o
    0x080005e0   0x00000028   Code   RO          290    i.CAN1_RX0_IRQHandler  stm32f4xx_it.o
    0x08000608   0x00000054   Code   RO          291    i.CAN1_SCE_IRQHandler  stm32f4xx_it.o
    0x0800065c   0x000000a8   Code   RO          841    i.CAN_ClearITPendingBit  stm32f4xx_can.o
    0x08000704   0x0000015c   Code   RO         5894    i.CAN_Config        can.o
    0x08000860   0x00000038   Code   RO          843    i.CAN_DeInit        stm32f4xx_can.o
    0x08000898   0x00000108   Code   RO          845    i.CAN_FilterInit    stm32f4xx_can.o
    0x080009a0   0x00000120   Code   RO          847    i.CAN_GetITStatus   stm32f4xx_can.o
    0x08000ac0   0x00000012   Code   RO          851    i.CAN_ITConfig      stm32f4xx_can.o
    0x08000ad2   0x00000114   Code   RO          852    i.CAN_Init          stm32f4xx_can.o
    0x08000be6   0x000000f0   Code   RO          855    i.CAN_Receive       stm32f4xx_can.o
    0x08000cd6   0x00000002   PAD
    0x08000cd8   0x00000170   Code   RO         5462    i.CAN_Recive_handle  can_recive.o
    0x08000e48   0x00000020   Code   RO          858    i.CAN_StructInit    stm32f4xx_can.o
    0x08000e68   0x00000126   Code   RO          860    i.CAN_Transmit      stm32f4xx_can.o
    0x08000f8e   0x00000002   PAD
    0x08000f90   0x000000a0   Code   RO          861    i.CAN_TransmitStatus  stm32f4xx_can.o
    0x08001030   0x0000000c   Code   RO         6322    i.CPU_Init          cpu_core.o
    0x0800103c   0x00000030   Code   RO         6323    i.CPU_NameClr       cpu_core.o
    0x0800106c   0x00000008   Code   RO         6325    i.CPU_NameInit      cpu_core.o
    0x08001074   0x00000014   Code   RO         6329    i.CPU_TS_Init       cpu_core.o
    0x08001088   0x0000000c   Code   RO         6331    i.CPU_TS_TmrFreqSet  cpu_core.o
    0x08001094   0x00000034   Code   RO         6280    i.CPU_TS_TmrInit    bsp_1.o
    0x080010c8   0x0000000c   Code   RO         6281    i.CPU_TS_TmrRd      bsp_1.o
    0x080010d4   0x00000012   Code   RO          863    i.CheckITStatus     stm32f4xx_can.o
    0x080010e6   0x0000002a   Code   RO         6074    i.Clear_LCD         rbc_lcd.o
    0x08001110   0x000001f0   Code   RO         5819    i.Correspond_Receipt  usart.o
    0x08001300   0x00000014   Code   RO         5958    i.Create_MLServo_CB  motor_control.o
    0x08001314   0x00000148   Code   RO         5311    i.DI_Init           a_test.o
    0x0800145c   0x00000002   Code   RO          292    i.DebugMon_Handler  stm32f4xx_it.o
    0x0800145e   0x0000001a   Code   RO          293    i.EXTI0_IRQHandler  stm32f4xx_it.o
    0x08001478   0x0000007a   Code   RO          294    i.EXTI15_10_IRQHandler  stm32f4xx_it.o
    0x080014f2   0x00000002   PAD
    0x080014f4   0x00000048   Code   RO          295    i.EXTI2_IRQHandler  stm32f4xx_it.o
    0x0800153c   0x0000001a   Code   RO          296    i.EXTI3_IRQHandler  stm32f4xx_it.o
    0x08001556   0x0000001a   Code   RO          297    i.EXTI4_IRQHandler  stm32f4xx_it.o
    0x08001570   0x00000074   Code   RO          298    i.EXTI9_5_IRQHandler  stm32f4xx_it.o
    0x080015e4   0x0000000c   Code   RO         1800    i.EXTI_ClearITPendingBit  stm32f4xx_exti.o
    0x080015f0   0x00000018   Code   RO         1803    i.EXTI_GetFlagStatus  stm32f4xx_exti.o
    0x08001608   0x00000094   Code   RO         1805    i.EXTI_Init         stm32f4xx_exti.o
    0x0800169c   0x000000c0   Code   RO         5312    i.Encoder_Init      a_test.o
    0x0800175c   0x00000060   Code   RO         5682    i.Exti_config       exti.o
    0x080017bc   0x00000074   Code   RO         5508    i.Friction_Falling  simulate.o
    0x08001830   0x00000042   Code   RO         5578    i.GPIO_Config       gpio.o
    0x08001872   0x00000090   Code   RO         2276    i.GPIO_Init         stm32f4xx_gpio.o
    0x08001902   0x00000046   Code   RO         2277    i.GPIO_PinAFConfig  stm32f4xx_gpio.o
    0x08001948   0x00000012   Code   RO         2280    i.GPIO_ReadInputDataBit  stm32f4xx_gpio.o
    0x0800195a   0x00000004   Code   RO         2283    i.GPIO_ResetBits    stm32f4xx_gpio.o
    0x0800195e   0x00000004   Code   RO         2284    i.GPIO_SetBits      stm32f4xx_gpio.o
    0x08001962   0x00000002   PAD
    0x08001964   0x0000021c   Code   RO         5395    i.HandleControl_task  app.o
    0x08001b80   0x00000004   Code   RO          299    i.HardFault_Handler  stm32f4xx_it.o
    0x08001b84   0x00000028   Code   RO         5743    i.IIC_Init          i2c.o
    0x08001bac   0x00000058   Code   RO         5313    i.KEY_Init          a_test.o
    0x08001c04   0x00000158   Code   RO         5396    i.KEY_task          app.o
    0x08001d5c   0x00000050   Code   RO         5314    i.Key_Scan          a_test.o
    0x08001dac   0x0000002c   Code   RO         6076    i.LCD_Display_int   rbc_lcd.o
    0x08001dd8   0x0000001c   Code   RO         6077    i.LCD_GPIO_Config   rbc_lcd.o
    0x08001df4   0x00000022   Code   RO         6078    i.LCD_Write_string  rbc_lcd.o
    0x08001e16   0x0000002c   Code   RO         6079    i.LCD_set_XY        rbc_lcd.o
    0x08001e42   0x00000002   PAD
    0x08001e44   0x00000188   Code   RO         5397    i.LCD_task          app.o
    0x08001fcc   0x00000030   Code   RO         6080    i.LCD_write_char    rbc_lcd.o
    0x08001ffc   0x00000074   Code   RO         5483    i.LED_Init          led.o
    0x08002070   0x00000128   Code   RO         5398    i.LineWalk_task     app.o
    0x08002198   0x00000004   Code   RO          300    i.MemManage_Handler  stm32f4xx_it.o
    0x0800219c   0x00000012   Code   RO         6638    i.Mem_Clr           lib_mem.o
    0x080021ae   0x00000054   Code   RO         6654    i.Mem_Set           lib_mem.o
    0x08002202   0x00000002   PAD
    0x08002204   0x00000098   Code   RO         5315    i.Model_Aircraft_Init  a_test.o
    0x0800229c   0x00000056   Code   RO         5961    i.Motor_AccelSpeed  motor_control.o
    0x080022f2   0x00000054   Code   RO         5962    i.Motor_Code_Set    motor_control.o
    0x08002346   0x00000056   Code   RO         5963    i.Motor_MastSpeed   motor_control.o
    0x0800239c   0x00000052   Code   RO         5965    i.Motor_P_SET       motor_control.o
    0x080023ee   0x00000054   Code   RO         5967    i.Motor_Save_Param  motor_control.o
    0x08002442   0x00000056   Code   RO         5968    i.Motor_SetSpeed    motor_control.o
    0x08002498   0x00000052   Code   RO         5969    i.Motor_Speed_Mode  motor_control.o
    0x080024ea   0x00000002   Code   RO          301    i.NMI_Handler       stm32f4xx_it.o
    0x080024ec   0x00000022   Code   RO         5662    i.NVIC_Config       nvic.o
    0x0800250e   0x00000002   PAD
    0x08002510   0x00000078   Code   RO          553    i.NVIC_Init         misc.o
    0x08002588   0x00000014   Code   RO          554    i.NVIC_PriorityGroupConfig  misc.o
    0x0800259c   0x00000002   Code   RO         6907    i.OSCfg_Init        os_cfg_app.o
    0x0800259e   0x00000002   PAD
    0x080025a0   0x00000014   Code   RO         8014    i.OSIdleTaskHook    os_cpu_c.o
    0x080025b4   0x00000170   Code   RO         6941    i.OSInit            os_core.o
    0x08002724   0x00000028   Code   RO         8015    i.OSInitHook        os_cpu_c.o
    0x0800274c   0x0000002c   Code   RO         6942    i.OSIntEnter        os_core.o
    0x08002778   0x000000dc   Code   RO         6943    i.OSIntExit         os_core.o
    0x08002854   0x000000c4   Code   RO         7368    i.OSMutexCreate     os_mutex.o
    0x08002918   0x000002d8   Code   RO         7370    i.OSMutexPend       os_mutex.o
    0x08002bf0   0x0000024c   Code   RO         7372    i.OSMutexPost       os_mutex.o
    0x08002e3c   0x000000a0   Code   RO         6944    i.OSSched           os_core.o
    0x08002edc   0x00000074   Code   RO         6945    i.OSSchedLock       os_core.o
    0x08002f50   0x00000094   Code   RO         6946    i.OSSchedUnlock     os_core.o
    0x08002fe4   0x000000bc   Code   RO         7543    i.OSSemCreate       os_sem.o
    0x080030a0   0x000001e0   Code   RO         7545    i.OSSemPend         os_sem.o
    0x08003280   0x00000098   Code   RO         7547    i.OSSemPost         os_sem.o
    0x08003318   0x00000068   Code   RO         6947    i.OSStart           os_core.o
    0x08003380   0x00000138   Code   RO         7615    i.OSStatReset       os_stat.o
    0x080034b8   0x00000014   Code   RO         8016    i.OSStatTaskHook    os_cpu_c.o
    0x080034cc   0x00000244   Code   RO         7646    i.OSTaskCreate      os_task.o
    0x08003710   0x00000018   Code   RO         8017    i.OSTaskCreateHook  os_cpu_c.o
    0x08003728   0x000001c4   Code   RO         7647    i.OSTaskDel         os_task.o
    0x080038ec   0x00000018   Code   RO         8018    i.OSTaskDelHook     os_cpu_c.o
    0x08003904   0x0000007c   Code   RO         7655    i.OSTaskResume      os_task.o
    0x08003980   0x00000018   Code   RO         8019    i.OSTaskReturnHook  os_cpu_c.o
    0x08003998   0x00000214   Code   RO         7656    i.OSTaskSemPend     os_task.o
    0x08003bac   0x000000d4   Code   RO         7660    i.OSTaskStkChk      os_task.o
    0x08003c80   0x0000025c   Code   RO         8020    i.OSTaskStkInit     os_cpu_c.o
    0x08003edc   0x00000088   Code   RO         8021    i.OSTaskSwHook      os_cpu_c.o
    0x08003f64   0x0000010c   Code   RO         7859    i.OSTimeDly         os_time.o
    0x08004070   0x00000044   Code   RO         7864    i.OSTimeTick        os_time.o
    0x080040b4   0x00000014   Code   RO         8022    i.OSTimeTickHook    os_cpu_c.o
    0x080040c8   0x000001ac   Code   RO         7167    i.OS_Dbg_Init       os_dbg.o
    0x08004274   0x00000018   Code   RO         7192    i.OS_FlagInit       os_flag.o
    0x0800428c   0x00000224   Code   RO         7193    i.OS_FlagPost       os_flag.o
    0x080044b0   0x00000064   Code   RO         7194    i.OS_FlagTaskRdy    os_flag.o
    0x08004514   0x00000044   Code   RO         6949    i.OS_IdleTask       os_core.o
    0x08004558   0x00000070   Code   RO         6950    i.OS_IdleTaskInit   os_core.o
    0x080045c8   0x000000fc   Code   RO         7266    i.OS_IntQPost       os_int.o
    0x080046c4   0x0000018c   Code   RO         7267    i.OS_IntQRePost     os_int.o
    0x08004850   0x000000b0   Code   RO         7268    i.OS_IntQTask       os_int.o
    0x08004900   0x00000128   Code   RO         7269    i.OS_IntQTaskInit   os_int.o
    0x08004a28   0x00000018   Code   RO         7300    i.OS_MemInit        os_mem.o
    0x08004a40   0x0000007c   Code   RO         7332    i.OS_MsgPoolInit    os_msg.o
    0x08004abc   0x00000044   Code   RO         7333    i.OS_MsgQFreeAll    os_msg.o
    0x08004b00   0x0000000e   Code   RO         7335    i.OS_MsgQInit       os_msg.o
    0x08004b0e   0x00000002   PAD
    0x08004b10   0x00000104   Code   RO         7336    i.OS_MsgQPut        os_msg.o
    0x08004c14   0x00000030   Code   RO         7374    i.OS_MutexDbgListAdd  os_mutex.o
    0x08004c44   0x00000018   Code   RO         7376    i.OS_MutexInit      os_mutex.o
    0x08004c5c   0x00000068   Code   RO         6951    i.OS_Pend           os_core.o
    0x08004cc4   0x00000026   Code   RO         6954    i.OS_PendDataInit   os_core.o
    0x08004cea   0x00000002   PAD
    0x08004cec   0x0000005c   Code   RO         6955    i.OS_PendDbgNameAdd  os_core.o
    0x08004d48   0x00000024   Code   RO         6956    i.OS_PendDbgNameRemove  os_core.o
    0x08004d6c   0x00000046   Code   RO         6957    i.OS_PendListChangePrio  os_core.o
    0x08004db2   0x0000000a   Code   RO         6958    i.OS_PendListInit   os_core.o
    0x08004dbc   0x00000066   Code   RO         6960    i.OS_PendListInsertPrio  os_core.o
    0x08004e22   0x00000030   Code   RO         6961    i.OS_PendListRemove  os_core.o
    0x08004e52   0x00000042   Code   RO         6962    i.OS_PendListRemove1  os_core.o
    0x08004e94   0x000000d6   Code   RO         6965    i.OS_Post           os_core.o
    0x08004f6a   0x0000002a   Code   RO         6966    i.OS_Post1          os_core.o
    0x08004f94   0x00000028   Code   RO         7434    i.OS_PrioGetHighest  os_prio.o
    0x08004fbc   0x00000018   Code   RO         7435    i.OS_PrioInit       os_prio.o
    0x08004fd4   0x00000024   Code   RO         7436    i.OS_PrioInsert     os_prio.o
    0x08004ff8   0x00000024   Code   RO         7437    i.OS_PrioRemove     os_prio.o
    0x0800501c   0x00000018   Code   RO         7480    i.OS_QInit          os_q.o
    0x08005034   0x0000014c   Code   RO         7481    i.OS_QPost          os_q.o
    0x08005180   0x00000024   Code   RO         6967    i.OS_RdyListInit    os_core.o
    0x080051a4   0x0000002c   Code   RO         6968    i.OS_RdyListInsert  os_core.o
    0x080051d0   0x00000040   Code   RO         6969    i.OS_RdyListInsertHead  os_core.o
    0x08005210   0x0000003c   Code   RO         6970    i.OS_RdyListInsertTail  os_core.o
    0x0800524c   0x0000005c   Code   RO         6972    i.OS_RdyListRemove  os_core.o
    0x080052a8   0x00000054   Code   RO         6973    i.OS_Sched0         os_core.o
    0x080052fc   0x0000001c   Code   RO         6974    i.OS_SchedLockTimeMeasStart  os_core.o
    0x08005318   0x0000003c   Code   RO         6975    i.OS_SchedLockTimeMeasStop  os_core.o
    0x08005354   0x00000030   Code   RO         7550    i.OS_SemDbgListAdd  os_sem.o
    0x08005384   0x00000018   Code   RO         7552    i.OS_SemInit        os_sem.o
    0x0800539c   0x00000164   Code   RO         7553    i.OS_SemPost        os_sem.o
    0x08005500   0x00000358   Code   RO         7617    i.OS_StatTask       os_stat.o
    0x08005858   0x000000cc   Code   RO         7618    i.OS_StatTaskInit   os_stat.o
    0x08005924   0x0000002c   Code   RO         6976    i.OS_TaskBlock      os_core.o
    0x08005950   0x00000030   Code   RO         7662    i.OS_TaskDbgListAdd  os_task.o
    0x08005980   0x00000044   Code   RO         7663    i.OS_TaskDbgListRemove  os_task.o
    0x080059c4   0x00000020   Code   RO         7664    i.OS_TaskInit       os_task.o
    0x080059e4   0x000000b4   Code   RO         7665    i.OS_TaskInitTCB    os_task.o
    0x08005a98   0x0000020c   Code   RO         7666    i.OS_TaskQPost      os_task.o
    0x08005ca4   0x00000140   Code   RO         7667    i.OS_TaskResume     os_task.o
    0x08005de4   0x00000018   Code   RO         7668    i.OS_TaskReturn     os_task.o
    0x08005dfc   0x000004c4   Code   RO         7669    i.OS_TaskSemPost    os_task.o
    0x080062c0   0x00000150   Code   RO         7670    i.OS_TaskSuspend    os_task.o
    0x08006410   0x00000086   Code   RO         7807    i.OS_TickListInsert  os_tick.o
    0x08006496   0x00000002   PAD
    0x08006498   0x000000bc   Code   RO         7808    i.OS_TickListInsertDly  os_tick.o
    0x08006554   0x00000058   Code   RO         7809    i.OS_TickListRemove  os_tick.o
    0x080065ac   0x00000002   Code   RO         7810    i.OS_TickListResetPeak  os_tick.o
    0x080065ae   0x00000002   PAD
    0x080065b0   0x00000108   Code   RO         7811    i.OS_TickListUpdateDly  os_tick.o
    0x080066b8   0x00000144   Code   RO         7812    i.OS_TickListUpdateTimeout  os_tick.o
    0x080067fc   0x000000e0   Code   RO         7813    i.OS_TickTask       os_tick.o
    0x080068dc   0x000000c8   Code   RO         7814    i.OS_TickTaskInit   os_tick.o
    0x080069a4   0x00000134   Code   RO         7910    i.OS_TmrInit        os_tmr.o
    0x08006ad8   0x00000018   Code   RO         7911    i.OS_TmrLock        os_tmr.o
    0x08006af0   0x00000002   Code   RO         7912    i.OS_TmrResetPeak   os_tmr.o
    0x08006af2   0x00000002   PAD
    0x08006af4   0x00000094   Code   RO         7913    i.OS_TmrTask        os_tmr.o
    0x08006b88   0x00000044   Code   RO         7914    i.OS_TmrUnlink      os_tmr.o
    0x08006bcc   0x00000014   Code   RO         7915    i.OS_TmrUnlock      os_tmr.o
    0x08006be0   0x00000128   Code   RO         5399    i.OffsetControl_task  app.o
    0x08006d08   0x00000020   Code   RO         3140    i.RCC_AHB1PeriphClockCmd  stm32f4xx_rcc.o
    0x08006d28   0x00000020   Code   RO         3149    i.RCC_APB1PeriphClockCmd  stm32f4xx_rcc.o
    0x08006d48   0x00000020   Code   RO         3151    i.RCC_APB1PeriphResetCmd  stm32f4xx_rcc.o
    0x08006d68   0x00000020   Code   RO         3152    i.RCC_APB2PeriphClockCmd  stm32f4xx_rcc.o
    0x08006d88   0x00000020   Code   RO         3154    i.RCC_APB2PeriphResetCmd  stm32f4xx_rcc.o
    0x08006da8   0x000000e8   Code   RO         3161    i.RCC_GetClocksFreq  stm32f4xx_rcc.o
    0x08006e90   0x000000d4   Code   RO         5316    i.RELAVY_Init       a_test.o
    0x08006f64   0x00000068   Code   RO         6081    i.ROC_LCD_Init      rbc_lcd.o
    0x08006fcc   0x00000098   Code   RO         5317    i.SERVO_Init        a_test.o
    0x08007064   0x00000002   Code   RO          302    i.SVC_Handler       stm32f4xx_it.o
    0x08007066   0x00000002   PAD
    0x08007068   0x00000040   Code   RO         4418    i.SYSCFG_EXTILineConfig  stm32f4xx_syscfg.o
    0x080070a8   0x00000060   Code   RO         6082    i.Send_Command      rbc_lcd.o
    0x08007108   0x00000060   Code   RO         6083    i.Send_data         rbc_lcd.o
    0x08007168   0x00000090   Code   RO         5973    i.Servo_Set_Function  motor_control.o
    0x080071f8   0x000000f0   Code   RO          509    i.SetSysClock       system_stm32f4xx.o
    0x080072e8   0x00000028   Code   RO          557    i.SysTick_CLKSourceConfig  misc.o
    0x08007310   0x0000001c   Code   RO         5598    i.SysTick_Handler   delay.o
    0x0800732c   0x00000068   Code   RO          511    i.SystemInit        system_stm32f4xx.o
    0x08007394   0x0000005c   Code   RO          303    i.TIM2_IRQHandler   stm32f4xx_it.o
    0x080073f0   0x00000054   Code   RO          304    i.TIM3_IRQHandler   stm32f4xx_it.o
    0x08007444   0x0000002c   Code   RO         5318    i.TIM3_Init         a_test.o
    0x08007470   0x00000050   Code   RO          305    i.TIM4_IRQHandler   stm32f4xx_it.o
    0x080074c0   0x00000078   Code   RO          306    i.TIM5_IRQHandler   stm32f4xx_it.o
    0x08007538   0x00000020   Code   RO         5319    i.TIM5_Init         a_test.o
    0x08007558   0x00000138   Code   RO          307    i.TIM7_IRQHandler   stm32f4xx_it.o
    0x08007690   0x00000028   Code   RO         5320    i.TIM7_Init         a_test.o
    0x080076b8   0x00000050   Code   RO          308    i.TIM8_UP_TIM13_IRQHandler  stm32f4xx_it.o
    0x08007708   0x00000018   Code   RO         4475    i.TIM_ARRPreloadConfig  stm32f4xx_tim.o
    0x08007720   0x00000006   Code   RO         4481    i.TIM_ClearFlag     stm32f4xx_tim.o
    0x08007726   0x00000018   Code   RO         4487    i.TIM_Cmd           stm32f4xx_tim.o
    0x0800773e   0x0000001e   Code   RO         4489    i.TIM_CtrlPWMOutputs  stm32f4xx_tim.o
    0x0800775c   0x00000118   Code   RO         5706    i.TIM_ENCODER_Config  time.o
    0x08007874   0x00000042   Code   RO         4496    i.TIM_EncoderInterfaceConfig  stm32f4xx_tim.o
    0x080078b6   0x00000012   Code   RO         4507    i.TIM_GetFlagStatus  stm32f4xx_tim.o
    0x080078c8   0x00000012   Code   RO         4512    i.TIM_ITConfig      stm32f4xx_tim.o
    0x080078da   0x00000002   PAD
    0x080078dc   0x0000007c   Code   RO         4516    i.TIM_OC1Init       stm32f4xx_tim.o
    0x08007958   0x00000012   Code   RO         4519    i.TIM_OC1PreloadConfig  stm32f4xx_tim.o
    0x0800796a   0x00000002   PAD
    0x0800796c   0x000000a4   Code   RO         4521    i.TIM_OC2Init       stm32f4xx_tim.o
    0x08007a10   0x0000001a   Code   RO         4524    i.TIM_OC2PreloadConfig  stm32f4xx_tim.o
    0x08007a2a   0x00000002   PAD
    0x08007a2c   0x000000a0   Code   RO         4526    i.TIM_OC3Init       stm32f4xx_tim.o
    0x08007acc   0x00000012   Code   RO         4529    i.TIM_OC3PreloadConfig  stm32f4xx_tim.o
    0x08007ade   0x00000002   PAD
    0x08007ae0   0x00000078   Code   RO         4531    i.TIM_OC4Init       stm32f4xx_tim.o
    0x08007b58   0x0000001a   Code   RO         4533    i.TIM_OC4PreloadConfig  stm32f4xx_tim.o
    0x08007b72   0x00000014   Code   RO         4534    i.TIM_OCStructInit  stm32f4xx_tim.o
    0x08007b86   0x0000009c   Code   RO         5707    i.TIM_PWM_Config    time.o
    0x08007c22   0x00000002   PAD
    0x08007c24   0x00000084   Code   RO         4559    i.TIM_TimeBaseInit  stm32f4xx_tim.o
    0x08007ca8   0x00000134   Code   RO         5708    i.TIM_Timing_Config  time.o
    0x08007ddc   0x0000024c   Code   RO          309    i.UART4_IRQHandler  stm32f4xx_it.o
    0x08008028   0x00000044   Code   RO          310    i.UART5_IRQHandler  stm32f4xx_it.o
    0x0800806c   0x00000044   Code   RO          311    i.USART1_IRQHandler  stm32f4xx_it.o
    0x080080b0   0x00000044   Code   RO          312    i.USART2_IRQHandler  stm32f4xx_it.o
    0x080080f4   0x000000f4   Code   RO          313    i.USART3_IRQHandler  stm32f4xx_it.o
    0x080081e8   0x0000001e   Code   RO         5034    i.USART_ClearITPendingBit  stm32f4xx_usart.o
    0x08008206   0x00000018   Code   RO         5037    i.USART_Cmd         stm32f4xx_usart.o
    0x0800821e   0x00000002   PAD
    0x08008220   0x000000f0   Code   RO         5039    i.USART_DeInit      stm32f4xx_usart.o
    0x08008310   0x00000054   Code   RO         5041    i.USART_GetITStatus  stm32f4xx_usart.o
    0x08008364   0x0000004a   Code   RO         5043    i.USART_ITConfig    stm32f4xx_usart.o
    0x080083ae   0x00000002   PAD
    0x080083b0   0x000000d4   Code   RO         5044    i.USART_Init        stm32f4xx_usart.o
    0x08008484   0x0000000a   Code   RO         5051    i.USART_ReceiveData  stm32f4xx_usart.o
    0x0800848e   0x00000008   Code   RO         5054    i.USART_SendData    stm32f4xx_usart.o
    0x08008496   0x00000002   PAD
    0x08008498   0x00000164   Code   RO         6172    i.Underpan_Motor_Init  under_pan.o
    0x080085fc   0x00000004   Code   RO          314    i.UsageFault_Handler  stm32f4xx_it.o
    0x08008600   0x00000030   Code   RO         8322    i.__ARM_fpclassify  m_wm.l(fpclassify.o)
    0x08008630   0x000000c8   Code   RO         8208    i.__hardfp_cos      m_wm.l(cos.o)
    0x080086f8   0x000000c8   Code   RO         8220    i.__hardfp_sin      m_wm.l(sin.o)
    0x080087c0   0x00000438   Code   RO         8281    i.__ieee754_rem_pio2  m_wm.l(rred.o)
    0x08008bf8   0x00000170   Code   RO         8264    i.__kernel_cos      m_wm.l(cos_i.o)
    0x08008d68   0x000000f8   Code   RO         8324    i.__kernel_poly     m_wm.l(poly.o)
    0x08008e60   0x00000130   Code   RO         8286    i.__kernel_sin      m_wm.l(sin_i.o)
    0x08008f90   0x00000014   Code   RO         8268    i.__mathlib_dbl_infnan  m_wm.l(dunder.o)
    0x08008fa4   0x00000004   PAD
    0x08008fa8   0x00000020   Code   RO         8270    i.__mathlib_dbl_invalid  m_wm.l(dunder.o)
    0x08008fc8   0x00000020   Code   RO         8273    i.__mathlib_dbl_underflow  m_wm.l(dunder.o)
    0x08008fe8   0x0000000a   Code   RO         5600    i.delay_OSSchedlock  delay.o
    0x08008ff2   0x0000000a   Code   RO         5601    i.delay_OSSchedunlock  delay.o
    0x08008ffc   0x00000010   Code   RO         5602    i.delay_OSTimedly   delay.o
    0x0800900c   0x00000070   Code   RO         5603    i.delay_init        delay.o
    0x0800907c   0x00000050   Code   RO         5604    i.delay_ms          delay.o
    0x080090cc   0x00000058   Code   RO         5605    i.delay_us          delay.o
    0x08009124   0x00000018   Code   RO         8318    i.fabs              m_wm.l(fabs.o)
    0x0800913c   0x00000060   Code   RO         6085    i.int2str           rbc_lcd.o
    0x0800919c   0x0000005c   Code   RO         5400    i.led_task          app.o
    0x080091f8   0x000000f0   Code   RO            3    i.main              main.o
    0x080092e8   0x0000030c   Code   RO         5401    i.star_task         app.o
    0x080095f4   0x000001d0   Code   RO         6254    i.throw_ball        throw.o
    0x080097c4   0x0000015c   Code   RO         5402    i.throw_task        app.o
    0x08009920   0x00000018   Code   RO         8178    x$fpl$basic         fz_wm.l(basic.o)
    0x08009938   0x00000062   Code   RO         8180    x$fpl$d2f           fz_wm.l(d2f.o)
    0x0800999a   0x00000002   PAD
    0x0800999c   0x00000150   Code   RO         8182    x$fpl$dadd          fz_wm.l(daddsub_clz.o)
    0x08009aec   0x000002b0   Code   RO         8189    x$fpl$ddiv          fz_wm.l(ddiv.o)
    0x08009d9c   0x0000005e   Code   RO         8192    x$fpl$dfix          fz_wm.l(dfix.o)
    0x08009dfa   0x0000002e   Code   RO         8197    x$fpl$dflt          fz_wm.l(dflt_clz.o)
    0x08009e28   0x00000026   Code   RO         8196    x$fpl$dfltu         fz_wm.l(dflt_clz.o)
    0x08009e4e   0x00000002   PAD
    0x08009e50   0x00000154   Code   RO         8202    x$fpl$dmul          fz_wm.l(dmul.o)
    0x08009fa4   0x0000009c   Code   RO         8253    x$fpl$dnaninf       fz_wm.l(dnaninf.o)
    0x0800a040   0x0000000c   Code   RO         8255    x$fpl$dretinf       fz_wm.l(dretinf.o)
    0x0800a04c   0x00000016   Code   RO         8183    x$fpl$drsb          fz_wm.l(daddsub_clz.o)
    0x0800a062   0x00000002   PAD
    0x0800a064   0x000001d4   Code   RO         8184    x$fpl$dsub          fz_wm.l(daddsub_clz.o)
    0x0800a238   0x00000056   Code   RO         8206    x$fpl$f2d           fz_wm.l(f2d.o)
    0x0800a28e   0x0000008c   Code   RO         8259    x$fpl$fnaninf       fz_wm.l(fnaninf.o)
    0x0800a31a   0x0000000a   Code   RO         8411    x$fpl$fpinit        fz_wm.l(fpinit.o)
    0x0800a324   0x0000000a   Code   RO         8261    x$fpl$fretinf       fz_wm.l(fretinf.o)
    0x0800a32e   0x00000000   Code   RO         8263    x$fpl$usenofp       fz_wm.l(usenofp.o)
    0x0800a32e   0x000001ec   Data   RO         6086    .constdata          rbc_lcd.o
    0x0800a51a   0x00000002   PAD
    0x0800a51c   0x00000094   Data   RO         6909    .constdata          os_cfg_app.o
    0x0800a5b0   0x00000168   Data   RO         7168    .constdata          os_dbg.o
    0x0800a718   0x00000030   Data   RO         8265    .constdata          m_wm.l(cos_i.o)
    0x0800a748   0x000000c8   Data   RO         8283    .constdata          m_wm.l(rred.o)
    0x0800a810   0x00000028   Data   RO         8287    .constdata          m_wm.l(sin_i.o)
    0x0800a838   0x00000020   Data   RO         8466    Region$$Table       anon$$obj.o


    Execution Region RW_IRAM1 (Base: 0x20000000, Size: 0x00006f98, Max: 0x00020000, ABSOLUTE, COMPRESSED[0x00000054])

    Base Addr    Size         Type   Attr      Idx    E Section Name        Object

    0x20000000   0x0000006a   Data   RW          316    .data               stm32f4xx_it.o
    0x2000006a   0x00000002   PAD
    0x2000006c   0x00000014   Data   RW          512    .data               system_stm32f4xx.o
    0x20000080   0x00000010   Data   RW         3193    .data               stm32f4xx_rcc.o
    0x20000090   0x00000110   Data   RW         5404    .data               app.o
    0x200001a0   0x0000000c   Data   RW         5515    .data               simulate.o
    0x200001ac   0x00000004   Data   RW         5606    .data               delay.o
    0x200001b0   0x00000004   Data   RW         5683    .data               exti.o
    0x200001b4   0x00000008   Data   RW         6255    .data               throw.o
    0x200001bc   0x00000004   Data   RW         6335    .data               cpu_core.o
    0x200001c0   0x00000008   Data   RW         7438    .data               os_prio.o
    0x200001c8   0x000000d8   Data   RW         7996    .data               os_var.o
    0x200002a0   0x00000004   Data   RW         8025    .data               os_cpu_c.o
    0x200002a4   0x000002b8   Zero   RW            4    .bss                main.o
    0x2000055c   0x00001f40   Zero   RW          315    .bss                stm32f4xx_it.o
    0x2000249c   0x000029f4   Zero   RW         5403    .bss                app.o
    0x20004e90   0x00000048   Zero   RW         6174    .bss                under_pan.o
    0x20004ed8   0x00000010   Zero   RW         6333    .bss                cpu_core.o
    0x20004ee8   0x00001380   Zero   RW         6908    .bss                os_cfg_app.o
    0x20006268   0x000006d0   Zero   RW         7995    .bss                os_var.o
    0x20006938   0x00000060   Zero   RW         8327    .bss                c_w.l(libspace.o)
    0x20006998   0x00000200   Zero   RW          545    HEAP                startup_stm32f40_41xxx.o
    0x20006b98   0x00000400   Zero   RW          544    STACK               startup_stm32f40_41xxx.o


==============================================================================

Image component sizes


      Code (inc. data)   RO Data    RW Data    ZI Data      Debug   Object Name

      1352        108          0          0          0       5864   a_test.o
      3088        624          0        272      10740      10875   app.o
       104          4          0          0          0        555   bsp.o
        78         14          0          0          0       1698   bsp_1.o
       348         10          0          0          0        837   can.o
       368         26          0          0          0        904   can_recive.o
        52          0          0          0          0        348   cpu_a.o
       100         18          0          4         16      12473   cpu_core.o
       344         42          0          4          0       4105   delay.o
        96         10          0          4          0       1238   exti.o
        66          0          0          0          0       1018   gpio.o
        40          4          0          0          0        487   i2c.o
       116         14          0          0          0        511   led.o
       102          0          0          0          0       1860   lib_mem.o
       240         34          0          0        696     335390   main.o
       180         24          0          0          0       2161   misc.o
       754          4          0          0          0       8192   motor_control.o
        34          0          0          0          0        678   nvic.o
         2          0        148          0       4992      22668   os_cfg_app.o
      2674        378          0          0          0      39008   os_core.o
       172         32          0          0          0        416   os_cpu_a.o
       912         56          0          4          0       7444   os_cpu_c.o
       428        280        360          0          0       4821   os_dbg.o
       672         28          0          0          0       3141   os_flag.o
      1120        196          0          0          0       3614   os_int.o
        24         10          0          0          0        937   os_mem.o
       466         26          0          0          0       3421   os_msg.o
      1584         92          0          0          0       4776   os_mutex.o
       136         16          0          8          0       3066   os_prio.o
       356         18          0          0          0       2230   os_q.o
      1248         68          0          0          0       5799   os_sem.o
      1372        178          0          0          0       3282   os_stat.o
      4652        234          0          0          0      13056   os_task.o
      1424        114          0          0          0       6622   os_tick.o
       336         26          0          0          0       1785   os_time.o
       570        142          0          0          0       4235   os_tmr.o
         0          0          0        216       1744      19100   os_var.o
       632         34        492          0          0       6993   rbc_lcd.o
       116         20          0         12          0       1158   simulate.o
        64         26        392          0       1536        856   startup_stm32f40_41xxx.o
      1814         44          0          0          0       8453   stm32f4xx_can.o
       184         16          0          0          0       2170   stm32f4xx_exti.o
       240          0          0          0          0       3623   stm32f4xx_gpio.o
      2338        238          0        106       8000     245021   stm32f4xx_it.o
       392         48          0         16          0       5977   stm32f4xx_rcc.o
        64          4          0          0          0        676   stm32f4xx_syscfg.o
       994         66          0          0          0      11756   stm32f4xx_tim.o
       682         42          0          0          0       6276   stm32f4xx_usart.o
       344         34          0         20          0       1837   system_stm32f4xx.o
       464         64          0          8          0       1157   throw.o
       744         16          0          0          0       2766   time.o
       356        120          0          0         72       1380   under_pan.o
       792         24          0          0          0       1438   usart.o

    ----------------------------------------------------------------------
     35876       3626       1426        676      27796     840152   Object Totals
         0          0         32          0          0          0   (incl. Generated)
        46          0          2          2          0          0   (incl. Padding)

    ----------------------------------------------------------------------

      Code (inc. data)   RO Data    RW Data    ZI Data      Debug   Library Member Name

        90          0          0          0          0          0   __dczerorl2.o
         8          0          0          0          0         68   __main.o
         0          0          0          0          0          0   __rtentry.o
        12          0          0          0          0          0   __rtentry2.o
         6          0          0          0          0          0   __rtentry4.o
        52          8          0          0          0          0   __scatter.o
        28          0          0          0          0          0   __scatter_zi.o
        22          0          0          0          0        100   _rserrno.o
        12          0          0          0          0         72   exit.o
         6          0          0          0          0        152   heapauxi.o
         0          0          0          0          0          0   indicate_semi.o
         2          0          0          0          0          0   libinit.o
         6          0          0          0          0          0   libinit2.o
         2          0          0          0          0          0   libshutdown.o
         2          0          0          0          0          0   libshutdown2.o
         8          4          0          0         96         68   libspace.o
         8          4          0          0          0         68   rt_errno_addr_intlibspace.o
         2          0          0          0          0          0   rtexit.o
        10          0          0          0          0          0   rtexit2.o
        12          4          0          0          0         68   sys_exit.o
        74          0          0          0          0         80   sys_stackheap_outer.o
         2          0          0          0          0         68   use_no_semi.o
        24          0          0          0          0        164   basic.o
        98          4          0          0          0        140   d2f.o
       826         16          0          0          0        492   daddsub_clz.o
       688        140          0          0          0        256   ddiv.o
        94          4          0          0          0        140   dfix.o
        84          0          0          0          0        232   dflt_clz.o
       340         12          0          0          0        152   dmul.o
       156          4          0          0          0        140   dnaninf.o
        12          0          0          0          0        116   dretinf.o
        86          4          0          0          0        132   f2d.o
       140          4          0          0          0        132   fnaninf.o
        10          0          0          0          0        116   fpinit.o
        10          0          0          0          0        116   fretinf.o
         0          0          0          0          0          0   usenofp.o
       200         20          0          0          0        164   cos.o
       368         46         48          0          0        200   cos_i.o
        84         16          0          0          0        372   dunder.o
        24          0          0          0          0        124   fabs.o
        48          0          0          0          0        124   fpclassify.o
       248          0          0          0          0        152   poly.o
      1080        142        200          0          0        188   rred.o
       200         20          0          0          0        164   sin.o
       304         24         40          0          0        208   sin_i.o

    ----------------------------------------------------------------------
      5506        476        288          0         96       4768   Library Totals
        18          0          0          0          0          0   (incl. Padding)

    ----------------------------------------------------------------------

      Code (inc. data)   RO Data    RW Data    ZI Data      Debug   Library Name

       364         20          0          0         96        744   c_w.l
      2568        188          0          0          0       2328   fz_wm.l
      2556        268        288          0          0       1696   m_wm.l

    ----------------------------------------------------------------------
      5506        476        288          0         96       4768   Library Totals

    ----------------------------------------------------------------------

==============================================================================


      Code (inc. data)   RO Data    RW Data    ZI Data      Debug   

     41382       4102       1714        676      27892     816960   Grand Totals
     41382       4102       1714         84      27892     816960   ELF Image Totals (compressed)
     41382       4102       1714         84          0          0   ROM Totals

==============================================================================

    Total RO  Size (Code + RO Data)                43096 (  42.09kB)
    Total RW  Size (RW Data + ZI Data)             28568 (  27.90kB)
    Total ROM Size (Code + RO Data + RW Data)      43180 (  42.17kB)

==============================================================================

