<html>
<body>
<pre>
<h1>礦ision Build Log</h1>
<h2>Tool Versions:</h2>
IDE-Version: μVision V5.15
Copyright (C) 2015 ARM Ltd and ARM Germany GmbH. All rights reserved.
License Information: 偶哈哈 Microsoft, Microsoft, LIC=Y2B45-GRZ7L-QIR5M-XU4RF-YVSY5-HL1T8
 
Tool Versions:
Toolchain:       MDK-ARM Professional  Version: 5.15.0
Toolchain Path:  d:\Keil_v5\ARM\ARMCC\Bin
C Compiler:      Armcc.exe V5.05 update 2 (build 169)
Assembler:       Armasm.exe V5.05 update 2 (build 169)
Linker/Locator:  ArmLink.exe V5.05 update 2 (build 169)
Library Manager: ArmAr.exe V5.05 update 2 (build 169)
Hex Converter:   FromElf.exe V5.05 update 2 (build 169)
CPU DLL:         SARMCM3.DLL V5.15.0
Dialog DLL:      DCM.DLL V1.13.2.0
Target DLL:      Segger\JL2CM3.dll V2.99.15.0
Dialog DLL:      TCM.DLL V1.14.5.0
 
<h2>Project:</h2>
C:\Users\Administrator\Desktop\抛掷任务\抛掷zip\抛掷实验一\PROJECT\STM32F407ZGT.uvprojx
Project File Date:  10/20/2017

<h2>Output:</h2>
*** Using Compiler 'V5.05 update 2 (build 169)', folder: 'd:\Keil_v5\ARM\ARMCC\Bin'
Build target 'STM32F407ZG'
compiling main.c...
..\APP\A_Test.h(83): warning:  #1295-D: Deprecated declaration TIM7_Init - give arg types
  void TIM7_Init();
..\BSP\usart.h(10): warning:  #1295-D: Deprecated declaration Correspond_Receipt - give arg types
  void Correspond_Receipt();
..\BSP\usart.h(11): warning:  #1295-D: Deprecated declaration Communication_request - give arg types
  void Communication_request();
..\APP\simulate.h(30): warning:  #1295-D: Deprecated declaration Falling_3m1 - give arg types
  void Falling_3m1();
main.c: 4 warnings, 0 errors
compiling stm32f4xx_it.c...
..\APP\A_Test.h(83): warning:  #1295-D: Deprecated declaration TIM7_Init - give arg types
  void TIM7_Init();
..\BSP\usart.h(10): warning:  #1295-D: Deprecated declaration Correspond_Receipt - give arg types
  void Correspond_Receipt();
..\BSP\usart.h(11): warning:  #1295-D: Deprecated declaration Communication_request - give arg types
  void Communication_request();
stm32f4xx_it.c(235): warning:  #177-D: variable "a" was declared but never referenced
        int a=0;
stm32f4xx_it.c(425): warning:  #177-D: variable "err" was declared but never referenced
        OS_ERR err;
stm32f4xx_it.c(479): warning:  #177-D: variable "err" was declared but never referenced
        OS_ERR err;
stm32f4xx_it.c(639): warning:  #550-D: variable "ch" was set but never used
        uint8_t ch;
stm32f4xx_it.c(671): warning:  #550-D: variable "ch" was set but never used
        uint8_t ch;
stm32f4xx_it.c(707): warning:  #177-D: variable "i" was declared but never referenced
        static uint8_t i=0;
stm32f4xx_it.c(942): warning:  #550-D: variable "ch" was set but never used
        uint8_t ch;
stm32f4xx_it.c: 10 warnings, 0 errors
compiling app.c...
..\APP\A_Test.h(83): warning:  #1295-D: Deprecated declaration TIM7_Init - give arg types
  void TIM7_Init();
..\BSP\usart.h(10): warning:  #1295-D: Deprecated declaration Correspond_Receipt - give arg types
  void Correspond_Receipt();
..\BSP\usart.h(11): warning:  #1295-D: Deprecated declaration Communication_request - give arg types
  void Communication_request();
..\APP\simulate.h(30): warning:  #1295-D: Deprecated declaration Falling_3m1 - give arg types
  void Falling_3m1();
..\APP\app.c(346): warning:  #177-D: variable "cpu_sr" was declared but never referenced
        CPU_SR_ALLOC();
..\APP\app.c(416): warning:  #177-D: variable "i" was declared but never referenced
        uint16_t i=0;
..\APP\app.c(417): warning:  #177-D: variable "cpu_sr" was declared but never referenced
        CPU_SR_ALLOC();   //使???俳?????时??要
..\APP\app.c(522): warning:  #177-D: variable "cpu_sr" was declared but never referenced
        CPU_SR_ALLOC();
..\APP\app.c(569): warning:  #177-D: variable "cpu_sr" was declared but never referenced
        CPU_SR_ALLOC();
..\APP\app.c: 9 warnings, 0 errors
compiling throw.c...
..\APP\A_Test.h(83): warning:  #1295-D: Deprecated declaration TIM7_Init - give arg types
  void TIM7_Init();
..\BSP\usart.h(10): warning:  #1295-D: Deprecated declaration Correspond_Receipt - give arg types
  void Correspond_Receipt();
..\BSP\usart.h(11): warning:  #1295-D: Deprecated declaration Communication_request - give arg types
  void Communication_request();
..\DRIVE\throw.c: 3 warnings, 0 errors
linking...
Program Size: Code=41382 RO-data=1714 RW-data=676 ZI-data=27892  
FromELF: creating hex file...
"..\OBJ\STM32F407ZGT.axf" - 0 Error(s), 26 Warning(s).

<h2>Collection of Component include folders:</h2>
  C:\Users\Administrator\Desktop\抛掷任务\抛掷zip\抛掷实验一\PROJECT\RTE
  d:\Keil_v5\ARM\PACK\Keil\STM32F4xx_DFP\2.11.0\Drivers\CMSIS\Device\ST\STM32F4xx\Include

<h2>Collection of Component Files used:</h2>
</pre>
</body>
</html>
